---
source: src/game.rs
expression: testlog.dump()
---
DrawCards(0)
Shuffle
DrawCards(5)
DrawCards(0)
Shuffle
DrawCards(5)
turn: player_name="P1 [GFD]", turn_counter=1
  action phase: 
  buy phase: 
    CardPlayed([Copper], [1A 1B 1C])
    CardPlayed([Copper], [1A 1B 2C])
    CardPlayed([Copper], [1A 1B 3C])
    CardPlayed([Copper], [1A 1B 4C])
    CardBoughtGained([Silver])
  cleanup: 
    DrawCards(5)
turn: player_name="P2 [ABC]", turn_counter=1
  action phase: 
  buy phase: 
    CardPlayed([Copper], [1A 1B 1C])
    CardPlayed([Copper], [1A 1B 2C])
    CardPlayed([Copper], [1A 1B 3C])
    CardBoughtGained([Copper])
  cleanup: 
    DrawCards(5)
turn: player_name="P1 [GFD]", turn_counter=2
  action phase: 
  buy phase: 
    CardPlayed([Copper], [1A 1B 1C])
    CardPlayed([Copper], [1A 1B 2C])
    CardPlayed([Copper], [1A 1B 3C])
    CardBoughtGained([Silver])
  cleanup: 
    DrawCards(0)
    Shuffle
    DrawCards(5)
turn: player_name="P2 [ABC]", turn_counter=2
  action phase: 
  buy phase: 
    CardPlayed([Copper], [1A 1B 1C])
    CardPlayed([Copper], [1A 1B 2C])
    CardPlayed([Copper], [1A 1B 3C])
    CardPlayed([Copper], [1A 1B 4C])
    CardBoughtGained([Copper])
  cleanup: 
    DrawCards(0)
    Shuffle
    DrawCards(5)
turn: player_name="P1 [GFD]", turn_counter=3
  action phase: 
  buy phase: 
    CardPlayed([Copper], [1A 1B 1C])
    CardPlayed([Copper], [1A 1B 2C])
    CardPlayed([Copper], [1A 1B 3C])
    CardPlayed([Silver], [1A 1B 5C])
    CardBoughtGained([Duchy])
  cleanup: 
    DrawCards(5)
turn: player_name="P2 [ABC]", turn_counter=3
  action phase: 
  buy phase: 
    CardPlayed([Copper], [1A 1B 1C])
    CardPlayed([Copper], [1A 1B 2C])
    CardPlayed([Copper], [1A 1B 3C])
    CardPlayed([Copper], [1A 1B 4C])
    CardBoughtGained([Copper])
  cleanup: 
    DrawCards(5)
turn: player_name="P1 [GFD]", turn_counter=4
  action phase: 
  buy phase: 
    CardPlayed([Copper], [1A 1B 1C])
    CardPlayed([Silver], [1A 1B 3C])
    CardPlayed([Copper], [1A 1B 4C])
    CardPlayed([Copper], [1A 1B 5C])
    CardBoughtGained([Duchy])
  cleanup: 
    DrawCards(2)
    Shuffle
    DrawCards(3)
turn: player_name="P2 [ABC]", turn_counter=4
  action phase: 
  buy phase: 
    CardPlayed([Copper], [1A 1B 1C])
    CardPlayed([Copper], [1A 1B 2C])
    CardPlayed([Copper], [1A 1B 3C])
    CardPlayed([Copper], [1A 1B 4C])
    CardPlayed([Copper], [1A 1B 5C])
    CardBoughtGained([Copper])
  cleanup: 
    DrawCards(2)
    Shuffle
    DrawCards(3)
turn: player_name="P1 [GFD]", turn_counter=5
  action phase: 
  buy phase: 
    CardPlayed([Copper], [1A 1B 1C])
    CardPlayed([Copper], [1A 1B 2C])
    CardPlayed([Copper], [1A 1B 3C])
    CardBoughtGained([Silver])
  cleanup: 
    DrawCards(5)
turn: player_name="P2 [ABC]", turn_counter=5
  action phase: 
  buy phase: 
    CardPlayed([Copper], [1A 1B 1C])
    CardPlayed([Copper], [1A 1B 2C])
    CardPlayed([Copper], [1A 1B 3C])
    CardBoughtGained([Copper])
  cleanup: 
    DrawCards(5)
turn: player_name="P1 [GFD]", turn_counter=6
  action phase: 
  buy phase: 
    CardPlayed([Silver], [1A 1B 2C])
    CardPlayed([Copper], [1A 1B 3C])
    CardPlayed([Copper], [1A 1B 4C])
    CardBoughtGained([Silver])
  cleanup: 
    DrawCards(4)
    Shuffle
    DrawCards(1)
turn: player_name="P2 [ABC]", turn_counter=6
  action phase: 
  buy phase: 
    CardPlayed([Copper], [1A 1B 1C])
    CardPlayed([Copper], [1A 1B 2C])
    CardPlayed([Copper], [1A 1B 3C])
    CardPlayed([Copper], [1A 1B 4C])
    CardBoughtGained([Copper])
  cleanup: 
    DrawCards(4)
    Shuffle
    DrawCards(1)
turn: player_name="P1 [GFD]", turn_counter=7
  action phase: 
  buy phase: 
    CardPlayed([Silver], [1A 1B 2C])
    CardPlayed([Copper], [1A 1B 3C])
    CardPlayed([Copper], [1A 1B 4C])
    CardBoughtGained([Silver])
  cleanup: 
    DrawCards(5)
turn: player_name="P2 [ABC]", turn_counter=7
  action phase: 
  buy phase: 
    CardPlayed([Copper], [1A 1B 1C])
    CardPlayed([Copper], [1A 1B 2C])
    CardPlayed([Copper], [1A 1B 3C])
    CardPlayed([Copper], [1A 1B 4C])
    CardPlayed([Copper], [1A 1B 5C])
    CardBoughtGained([Copper])
  cleanup: 
    DrawCards(5)
turn: player_name="P1 [GFD]", turn_counter=8
  action phase: 
  buy phase: 
    CardPlayed([Copper], [1A 1B 1C])
    CardPlayed([Silver], [1A 1B 3C])
    CardPlayed([Copper], [1A 1B 4C])
    CardBoughtGained([Silver])
  cleanup: 
    DrawCards(5)
turn: player_name="P2 [ABC]", turn_counter=8
  action phase: 
  buy phase: 
    CardPlayed([Copper], [1A 1B 1C])
    CardPlayed([Copper], [1A 1B 2C])
    CardPlayed([Copper], [1A 1B 3C])
    CardBoughtGained([Copper])
  cleanup: 
    DrawCards(5)
turn: player_name="P1 [GFD]", turn_counter=9
  action phase: 
  buy phase: 
    CardPlayed([Silver], [1A 1B 2C])
    CardPlayed([Copper], [1A 1B 3C])
    CardPlayed([Copper], [1A 1B 4C])
    CardPlayed([Copper], [1A 1B 5C])
    CardBoughtGained([Duchy])
  cleanup: 
    DrawCards(1)
    Shuffle
    DrawCards(4)
turn: player_name="P2 [ABC]", turn_counter=9
  action phase: 
  buy phase: 
    CardPlayed([Copper], [1A 1B 1C])
    CardPlayed([Copper], [1A 1B 2C])
    CardPlayed([Copper], [1A 1B 3C])
    CardPlayed([Copper], [1A 1B 4C])
    CardBoughtGained([Copper])
  cleanup: 
    DrawCards(1)
    Shuffle
    DrawCards(4)
turn: player_name="P1 [GFD]", turn_counter=10
  action phase: 
  buy phase: 
    CardPlayed([Silver], [1A 1B 2C])
    CardPlayed([Silver], [1A 1B 4C])
    CardPlayed([Silver], [1A 1B 6C])
    CardPlayed([Silver], [1A 1B 8C])
    CardBoughtGained([Duchy])
  cleanup: 
    DrawCards(5)
turn: player_name="P2 [ABC]", turn_counter=10
  action phase: 
  buy phase: 
    CardPlayed([Copper], [1A 1B 1C])
    CardPlayed([Copper], [1A 1B 2C])
    CardPlayed([Copper], [1A 1B 3C])
    CardPlayed([Copper], [1A 1B 4C])
    CardBoughtGained([Copper])
  cleanup: 
    DrawCards(5)
turn: player_name="P1 [GFD]", turn_counter=11
  action phase: 
  buy phase: 
    CardPlayed([Copper], [1A 1B 1C])
    CardPlayed([Copper], [1A 1B 2C])
    CardPlayed([Copper], [1A 1B 3C])
    CardPlayed([Copper], [1A 1B 4C])
    CardBoughtGained([Silver])
  cleanup: 
    DrawCards(5)
turn: player_name="P2 [ABC]", turn_counter=11
  action phase: 
  buy phase: 
    CardPlayed([Copper], [1A 1B 1C])
    CardPlayed([Copper], [1A 1B 2C])
    CardPlayed([Copper], [1A 1B 3C])
    CardPlayed([Copper], [1A 1B 4C])
    CardBoughtGained([Copper])
  cleanup: 
    DrawCards(5)
turn: player_name="P1 [GFD]", turn_counter=12
  action phase: 
  buy phase: 
    CardPlayed([Silver], [1A 1B 2C])
    CardPlayed([Silver], [1A 1B 4C])
    CardPlayed([Copper], [1A 1B 5C])
    CardBoughtGained([Duchy])
  cleanup: 
    DrawCards(4)
    Shuffle
    DrawCards(1)
turn: player_name="P2 [ABC]", turn_counter=12
  action phase: 
  buy phase: 
    CardPlayed([Copper], [1A 1B 1C])
    CardPlayed([Copper], [1A 1B 2C])
    CardPlayed([Copper], [1A 1B 3C])
    CardPlayed([Copper], [1A 1B 4C])
    CardPlayed([Copper], [1A 1B 5C])
    CardBoughtGained([Copper])
  cleanup: 
    DrawCards(4)
    Shuffle
    DrawCards(1)
turn: player_name="P1 [GFD]", turn_counter=13
  action phase: 
  buy phase: 
    CardPlayed([Copper], [1A 1B 1C])
    CardPlayed([Copper], [1A 1B 2C])
    CardPlayed([Copper], [1A 1B 3C])
    CardBoughtGained([Silver])
  cleanup: 
    DrawCards(5)
turn: player_name="P2 [ABC]", turn_counter=13
  action phase: 
  buy phase: 
    CardPlayed([Copper], [1A 1B 1C])
    CardPlayed([Copper], [1A 1B 2C])
    CardPlayed([Copper], [1A 1B 3C])
    CardPlayed([Copper], [1A 1B 4C])
    CardBoughtGained([Copper])
  cleanup: 
    DrawCards(5)
turn: player_name="P1 [GFD]", turn_counter=14
  action phase: 
  buy phase: 
    CardPlayed([Copper], [1A 1B 1C])
    CardPlayed([Copper], [1A 1B 2C])
    CardPlayed([Silver], [1A 1B 4C])
    CardPlayed([Silver], [1A 1B 6C])
    CardPlayed([Silver], [1A 1B 8C])
    CardBoughtGained([Duchy])
  cleanup: 
    DrawCards(5)
turn: player_name="P2 [ABC]", turn_counter=14
  action phase: 
  buy phase: 
    CardPlayed([Copper], [1A 1B 1C])
    CardPlayed([Copper], [1A 1B 2C])
    CardPlayed([Copper], [1A 1B 3C])
    CardBoughtGained([Copper])
  cleanup: 
    DrawCards(5)
turn: player_name="P1 [GFD]", turn_counter=15
  action phase: 
  buy phase: 
    CardPlayed([Silver], [1A 1B 2C])
    CardBoughtGained([Copper])
  cleanup: 
    DrawCards(5)
turn: player_name="P2 [ABC]", turn_counter=15
  action phase: 
  buy phase: 
    CardPlayed([Copper], [1A 1B 1C])
    CardPlayed([Copper], [1A 1B 2C])
    CardPlayed([Copper], [1A 1B 3C])
    CardPlayed([Copper], [1A 1B 4C])
    CardPlayed([Copper], [1A 1B 5C])
    CardBoughtGained([Copper])
  cleanup: 
    DrawCards(5)
turn: player_name="P1 [GFD]", turn_counter=16
  action phase: 
  buy phase: 
    CardPlayed([Silver], [1A 1B 2C])
    CardPlayed([Silver], [1A 1B 4C])
    CardPlayed([Copper], [1A 1B 5C])
    CardPlayed([Silver], [1A 1B 7C])
    CardBoughtGained([Duchy])
  cleanup: 
    DrawCards(2)
    Shuffle
    DrawCards(3)
turn: player_name="P2 [ABC]", turn_counter=16
  action phase: 
  buy phase: 
    CardPlayed([Copper], [1A 1B 1C])
    CardPlayed([Copper], [1A 1B 2C])
    CardPlayed([Copper], [1A 1B 3C])
    CardPlayed([Copper], [1A 1B 4C])
    CardPlayed([Copper], [1A 1B 5C])
    CardBoughtGained([Copper])
  cleanup: 
    DrawCards(2)
    Shuffle
    DrawCards(3)
turn: player_name="P1 [GFD]", turn_counter=17
  action phase: 
  buy phase: 
    CardPlayed([Copper], [1A 1B 1C])
    CardPlayed([Copper], [1A 1B 2C])
    CardBoughtGained([Copper])
  cleanup: 
    DrawCards(5)
turn: player_name="P2 [ABC]", turn_counter=17
  action phase: 
  buy phase: 
    CardPlayed([Copper], [1A 1B 1C])
    CardPlayed([Copper], [1A 1B 2C])
    CardPlayed([Copper], [1A 1B 3C])
    CardPlayed([Copper], [1A 1B 4C])
    CardBoughtGained([Copper])
  cleanup: 
    DrawCards(5)
turn: player_name="P1 [GFD]", turn_counter=18
  action phase: 
  buy phase: 
    CardPlayed([Silver], [1A 1B 2C])
    CardPlayed([Silver], [1A 1B 4C])
    CardPlayed([Silver], [1A 1B 6C])
    CardPlayed([Silver], [1A 1B 8C])
    CardBoughtGained([Duchy])
  cleanup: 
    DrawCards(5)
turn: player_name="P2 [ABC]", turn_counter=18
  action phase: 
  buy phase: 
    CardPlayed([Copper], [1A 1B 1C])
    CardPlayed([Copper], [1A 1B 2C])
    CardPlayed([Copper], [1A 1B 3C])
    CardPlayed([Copper], [1A 1B 4C])
    CardBoughtGained([Copper])
  cleanup: 
    DrawCards(5)
turn: player_name="P1 [GFD]", turn_counter=19
  action phase: 
  buy phase: 
    CardPlayed([Silver], [1A 1B 2C])
    CardPlayed([Copper], [1A 1B 3C])
    CardPlayed([Copper], [1A 1B 4C])
    CardBoughtGained([Silver])
  cleanup: 
    DrawCards(5)
turn: player_name="P2 [ABC]", turn_counter=19
  action phase: 
  buy phase: 
    CardPlayed([Copper], [1A 1B 1C])
    CardPlayed([Copper], [1A 1B 2C])
    CardPlayed([Copper], [1A 1B 3C])
    CardPlayed([Copper], [1A 1B 4C])
    CardBoughtGained([Copper])
  cleanup: 
    DrawCards(5)
turn: player_name="P1 [GFD]", turn_counter=20
  action phase: 
  buy phase: 
    CardPlayed([Silver], [1A 1B 2C])
    CardPlayed([Copper], [1A 1B 3C])
    CardPlayed([Silver], [1A 1B 5C])
    CardPlayed([Copper], [1A 1B 6C])
    CardBoughtGained([Duchy])
  cleanup: 
    DrawCards(5)
turn: player_name="P2 [ABC]", turn_counter=20
  action phase: 
  buy phase: 
    CardPlayed([Copper], [1A 1B 1C])
    CardPlayed([Copper], [1A 1B 2C])
    CardPlayed([Copper], [1A 1B 3C])
    CardPlayed([Copper], [1A 1B 4C])
    CardPlayed([Copper], [1A 1B 5C])
    CardBoughtGained([Copper])
  cleanup: 
    DrawCards(5)
turn: player_name="P1 [GFD]", turn_counter=21
  action phase: 
  buy phase: 
    CardPlayed([Copper], [1A 1B 1C])
    CardPlayed([Copper], [1A 1B 2C])
    CardBoughtGained([Copper])
  cleanup: 
    DrawCards(1)
    Shuffle
    DrawCards(4)
turn: player_name="P2 [ABC]", turn_counter=21
  action phase: 
  buy phase: 
    CardPlayed([Copper], [1A 1B 1C])
    CardPlayed([Copper], [1A 1B 2C])
    CardPlayed([Copper], [1A 1B 3C])
    CardPlayed([Copper], [1A 1B 4C])
    CardPlayed([Copper], [1A 1B 5C])
    CardBoughtGained([Copper])
  cleanup: 
    DrawCards(1)
    Shuffle
    DrawCards(4)
turn: player_name="P1 [GFD]", turn_counter=22
  action phase: 
  buy phase: 
    CardPlayed([Silver], [1A 1B 2C])
    CardPlayed([Copper], [1A 1B 3C])
    CardBoughtGained([Silver])
  cleanup: 
    DrawCards(5)
turn: player_name="P2 [ABC]", turn_counter=22
  action phase: 
  buy phase: 
    CardPlayed([Copper], [1A 1B 1C])
    CardPlayed([Copper], [1A 1B 2C])
    CardPlayed([Copper], [1A 1B 3C])
    CardPlayed([Copper], [1A 1B 4C])
    CardPlayed([Copper], [1A 1B 5C])
    CardBoughtGained([Copper])
  cleanup: 
    DrawCards(5)
turn: player_name="P1 [GFD]", turn_counter=23
  action phase: 
  buy phase: 
    CardPlayed([Silver], [1A 1B 2C])
    CardPlayed([Silver], [1A 1B 4C])
    CardPlayed([Silver], [1A 1B 6C])
    CardBoughtGained([Duchy])
  cleanup: 
    DrawCards(5)
turn: player_name="P2 [ABC]", turn_counter=23
  action phase: 
  buy phase: 
    CardPlayed([Copper], [1A 1B 1C])
    CardPlayed([Copper], [1A 1B 2C])
    CardPlayed([Copper], [1A 1B 3C])
    CardPlayed([Copper], [1A 1B 4C])
    CardPlayed([Copper], [1A 1B 5C])
    CardBoughtGained([Copper])
  cleanup: 
    DrawCards(5)
turn: player_name="P1 [GFD]", turn_counter=24
  action phase: 
  buy phase: 
    CardPlayed([Silver], [1A 1B 2C])
    CardPlayed([Copper], [1A 1B 3C])
    CardPlayed([Copper], [1A 1B 4C])
    CardPlayed([Copper], [1A 1B 5C])
    CardBoughtGained([Duchy])
  cleanup: 
    DrawCards(5)
turn: player_name="P2 [ABC]", turn_counter=24
  action phase: 
  buy phase: 
    CardPlayed([Copper], [1A 1B 1C])
    CardPlayed([Copper], [1A 1B 2C])
    CardPlayed([Copper], [1A 1B 3C])
    CardPlayed([Copper], [1A 1B 4C])
    CardPlayed([Copper], [1A 1B 5C])
    CardBoughtGained([Copper])
  cleanup: 
    DrawCards(5)
turn: player_name="P1 [GFD]", turn_counter=25
  action phase: 
  buy phase: 
    CardPlayed([Copper], [1A 1B 1C])
    CardPlayed([Copper], [1A 1B 2C])
    CardPlayed([Copper], [1A 1B 3C])
    CardBoughtGained([Silver])
  cleanup: 
    DrawCards(5)
turn: player_name="P2 [ABC]", turn_counter=25
  action phase: 
  buy phase: 
    CardPlayed([Copper], [1A 1B 1C])
    CardPlayed([Copper], [1A 1B 2C])
    CardPlayed([Copper], [1A 1B 3C])
    CardPlayed([Copper], [1A 1B 4C])
    CardBoughtGained([Copper])
  cleanup: 
    DrawCards(5)
turn: player_name="P1 [GFD]", turn_counter=26
  action phase: 
  buy phase: 
    CardPlayed([Silver], [1A 1B 2C])
    CardPlayed([Copper], [1A 1B 3C])
    CardPlayed([Copper], [1A 1B 4C])
    CardPlayed([Copper], [1A 1B 5C])
    CardPlayed([Silver], [1A 1B 7C])
    CardBoughtGained([Duchy])
  cleanup: 
    DrawCards(5)
turn: player_name="P2 [ABC]", turn_counter=26
  action phase: 
  buy phase: 
    CardPlayed([Copper], [1A 1B 1C])
    CardPlayed([Copper], [1A 1B 2C])
    CardPlayed([Copper], [1A 1B 3C])
    CardPlayed([Copper], [1A 1B 4C])
    CardBoughtGained([Copper])
  cleanup: 
    DrawCards(5)
turn: player_name="P1 [GFD]", turn_counter=27
  action phase: 
  buy phase: 
    CardPlayed([Silver], [1A 1B 2C])
    CardBoughtGained([Copper])
  cleanup: 
    DrawCards(1)
    Shuffle
    DrawCards(4)
turn: player_name="P2 [ABC]", turn_counter=27
  action phase: 
  buy phase: 
    CardPlayed([Copper], [1A 1B 1C])
    CardPlayed([Copper], [1A 1B 2C])
    CardPlayed([Copper], [1A 1B 3C])
    CardPlayed([Copper], [1A 1B 4C])
    CardBoughtGained([Copper])
  cleanup: 
    DrawCards(1)
    Shuffle
    DrawCards(4)
turn: player_name="P1 [GFD]", turn_counter=28
  action phase: 
  buy phase: 
    CardPlayed([Silver], [1A 1B 2C])
    CardPlayed([Copper], [1A 1B 3C])
    CardPlayed([Copper], [1A 1B 4C])
    CardPlayed([Copper], [1A 1B 5C])
    CardBoughtGained([Silver])
  cleanup: 
    DrawCards(5)
turn: player_name="P2 [ABC]", turn_counter=28
  action phase: 
  buy phase: 
    CardPlayed([Copper], [1A 1B 1C])
    CardPlayed([Copper], [1A 1B 2C])
    CardPlayed([Copper], [1A 1B 3C])
    CardPlayed([Copper], [1A 1B 4C])
    CardBoughtGained([Copper])
  cleanup: 
    DrawCards(5)
turn: player_name="P1 [GFD]", turn_counter=29
  action phase: 
  buy phase: 
    CardPlayed([Copper], [1A 1B 1C])
    CardBoughtGained([Copper])
  cleanup: 
    DrawCards(5)
turn: player_name="P2 [ABC]", turn_counter=29
  action phase: 
  buy phase: 
    CardPlayed([Copper], [1A 1B 1C])
    CardPlayed([Copper], [1A 1B 2C])
    CardPlayed([Copper], [1A 1B 3C])
    CardPlayed([Copper], [1A 1B 4C])
    CardPlayed([Copper], [1A 1B 5C])
    CardBoughtGained([Copper])
  cleanup: 
    DrawCards(5)
turn: player_name="P1 [GFD]", turn_counter=30
  action phase: 
  buy phase: 
    CardPlayed([Silver], [1A 1B 2C])
    CardPlayed([Copper], [1A 1B 3C])
    CardPlayed([Copper], [1A 1B 4C])
    CardPlayed([Copper], [1A 1B 5C])
    CardBoughtGained([Silver])
  cleanup: 
    DrawCards(5)
turn: player_name="P2 [ABC]", turn_counter=30
  action phase: 
  buy phase: 
    CardPlayed([Copper], [1A 1B 1C])
    CardPlayed([Copper], [1A 1B 2C])
    CardPlayed([Copper], [1A 1B 3C])
    CardPlayed([Copper], [1A 1B 4C])
    CardPlayed([Copper], [1A 1B 5C])
    CardBoughtGained([Copper])
  cleanup: 
    DrawCards(5)
turn: player_name="P1 [GFD]", turn_counter=31
  action phase: 
  buy phase: 
    CardPlayed([Silver], [1A 1B 2C])
    CardPlayed([Silver], [1A 1B 4C])
    CardBoughtGained([Silver])
  cleanup: 
    DrawCards(5)
turn: player_name="P2 [ABC]", turn_counter=31
  action phase: 
  buy phase: 
    CardPlayed([Copper], [1A 1B 1C])
    CardPlayed([Copper], [1A 1B 2C])
    CardPlayed([Copper], [1A 1B 3C])
    CardPlayed([Copper], [1A 1B 4C])
    CardPlayed([Copper], [1A 1B 5C])
    CardBoughtGained([Copper])
  cleanup: 
    DrawCards(5)
turn: player_name="P1 [GFD]", turn_counter=32
  action phase: 
  buy phase: 
    CardPlayed([Copper], [1A 1B 1C])
    CardPlayed([Silver], [1A 1B 3C])
    CardPlayed([Silver], [1A 1B 5C])
    CardPlayed([Silver], [1A 1B 7C])
    CardBoughtGained([Silver])
  cleanup: 
    DrawCards(5)
turn: player_name="P2 [ABC]", turn_counter=32
  action phase: 
  buy phase: 
    CardPlayed([Copper], [1A 1B 1C])
    CardPlayed([Copper], [1A 1B 2C])
    CardPlayed([Copper], [1A 1B 3C])
    CardPlayed([Copper], [1A 1B 4C])
    CardBoughtGained([Copper])
  cleanup: 
    DrawCards(5)
turn: player_name="P1 [GFD]", turn_counter=33
  action phase: 
  buy phase: 
    CardPlayed([Silver], [1A 1B 2C])
    CardPlayed([Copper], [1A 1B 3C])
    CardBoughtGained([Silver])
  cleanup: 
    DrawCards(5)
turn: player_name="P2 [ABC]", turn_counter=33
  action phase: 
  buy phase: 
    CardPlayed([Copper], [1A 1B 1C])
    CardPlayed([Copper], [1A 1B 2C])
    CardPlayed([Copper], [1A 1B 3C])
    CardPlayed([Copper], [1A 1B 4C])
    CardBoughtGained([Copper])
  cleanup: 
    DrawCards(5)
turn: player_name="P1 [GFD]", turn_counter=34
  action phase: 
  buy phase: 
    CardPlayed([Silver], [1A 1B 2C])
    CardPlayed([Copper], [1A 1B 3C])
    CardPlayed([Silver], [1A 1B 5C])
    CardBoughtGained([Silver])
  cleanup: 
    DrawCards(2)
    Shuffle
    DrawCards(3)
turn: player_name="P2 [ABC]", turn_counter=34
  action phase: 
  buy phase: 
    CardPlayed([Copper], [1A 1B 1C])
    CardPlayed([Copper], [1A 1B 2C])
    CardPlayed([Copper], [1A 1B 3C])
    CardPlayed([Copper], [1A 1B 4C])
    CardPlayed([Copper], [1A 1B 5C])
    CardBoughtGained([Copper])
  cleanup: 
    DrawCards(2)
    Shuffle
    DrawCards(3)
turn: player_name="P1 [GFD]", turn_counter=35
  action phase: 
  buy phase: 
    CardPlayed([Silver], [1A 1B 2C])
    CardPlayed([Copper], [1A 1B 3C])
    CardPlayed([Silver], [1A 1B 5C])
    CardPlayed([Copper], [1A 1B 6C])
    CardPlayed([Silver], [1A 1B 8C])
    CardBoughtGained([Province])
  cleanup: 
    DrawCards(5)
turn: player_name="P2 [ABC]", turn_counter=35
  action phase: 
  buy phase: 
    CardPlayed([Copper], [1A 1B 1C])
    CardPlayed([Copper], [1A 1B 2C])
    CardPlayed([Copper], [1A 1B 3C])
    CardPlayed([Copper], [1A 1B 4C])
    CardPlayed([Copper], [1A 1B 5C])
    CardBoughtGained([Copper])
  cleanup: 
    DrawCards(5)
turn: player_name="P1 [GFD]", turn_counter=36
  action phase: 
  buy phase: 
    CardPlayed([Silver], [1A 1B 2C])
    CardPlayed([Silver], [1A 1B 4C])
    CardPlayed([Silver], [1A 1B 6C])
    CardPlayed([Copper], [1A 1B 7C])
    CardPlayed([Copper], [1A 1B 8C])
    CardBoughtGained([Province])
  cleanup: 
    DrawCards(5)
turn: player_name="P2 [ABC]", turn_counter=36
  action phase: 
  buy phase: 
    CardPlayed([Copper], [1A 1B 1C])
    CardPlayed([Copper], [1A 1B 2C])
    CardPlayed([Copper], [1A 1B 3C])
    CardPlayed([Copper], [1A 1B 4C])
    CardBoughtGained([Copper])
  cleanup: 
    DrawCards(5)
turn: player_name="P1 [GFD]", turn_counter=37
  action phase: 
  buy phase: 
    CardPlayed([Copper], [1A 1B 1C])
    CardPlayed([Silver], [1A 1B 3C])
    CardPlayed([Silver], [1A 1B 5C])
    CardPlayed([Copper], [1A 1B 6C])
    CardPlayed([Silver], [1A 1B 8C])
    CardBoughtGained([Province])
  cleanup: 
    DrawCards(5)
turn: player_name="P2 [ABC]", turn_counter=37
  action phase: 
  buy phase: 
    CardPlayed([Copper], [1A 1B 1C])
    CardPlayed([Copper], [1A 1B 2C])
    CardPlayed([Copper], [1A 1B 3C])
    CardPlayed([Copper], [1A 1B 4C])
    CardPlayed([Copper], [1A 1B 5C])
    CardBoughtGained([Copper])
  cleanup: 
    DrawCards(5)
turn: player_name="P1 [GFD]", turn_counter=38
  action phase: 
  buy phase: 
    CardPlayed([Silver], [1A 1B 2C])
    CardBoughtGained([Copper])
  cleanup: 
    DrawCards(5)
turn: player_name="P2 [ABC]", turn_counter=38
  action phase: 
  buy phase: 
    CardPlayed([Copper], [1A 1B 1C])
    CardPlayed([Copper], [1A 1B 2C])
    CardPlayed([Copper], [1A 1B 3C])
    CardPlayed([Copper], [1A 1B 4C])
    CardBoughtGained([Copper])
  cleanup: 
    DrawCards(5)
turn: player_name="P1 [GFD]", turn_counter=39
  action phase: 
  buy phase: 
    CardPlayed([Copper], [1A 1B 1C])
    CardPlayed([Silver], [1A 1B 3C])
    CardPlayed([Copper], [1A 1B 4C])
    CardBoughtGained([Silver])
  cleanup: 
    DrawCards(5)
turn: player_name="P2 [ABC]", turn_counter=39
  action phase: 
  buy phase: 
    CardPlayed([Copper], [1A 1B 1C])
    CardPlayed([Copper], [1A 1B 2C])
    CardPlayed([Copper], [1A 1B 3C])
    CardPlayed([Copper], [1A 1B 4C])
    CardPlayed([Copper], [1A 1B 5C])
    CardBoughtGained([Copper])
  cleanup: 
    DrawCards(5)
turn: player_name="P1 [GFD]", turn_counter=40
  action phase: 
  buy phase: 
    CardPlayed([Copper], [1A 1B 1C])
    CardPlayed([Copper], [1A 1B 2C])
    CardPlayed([Silver], [1A 1B 4C])
    CardBoughtGained([Silver])
  cleanup: 
    DrawCards(5)
turn: player_name="P2 [ABC]", turn_counter=40
  action phase: 
  buy phase: 
    CardPlayed([Copper], [1A 1B 1C])
    CardPlayed([Copper], [1A 1B 2C])
    CardPlayed([Copper], [1A 1B 3C])
    CardPlayed([Copper], [1A 1B 4C])
    CardPlayed([Copper], [1A 1B 5C])
    CardBoughtGained([Copper])
  cleanup: 
    DrawCards(5)
turn: player_name="P1 [GFD]", turn_counter=41
  action phase: 
  buy phase: 
    CardPlayed([Silver], [1A 1B 2C])
    CardPlayed([Silver], [1A 1B 4C])
    CardBoughtGained([Silver])
  cleanup: 
    DrawCards(5)
turn: player_name="P2 [ABC]", turn_counter=41
  action phase: 
  buy phase: 
    CardPlayed([Copper], [1A 1B 1C])
    CardPlayed([Copper], [1A 1B 2C])
    CardPlayed([Copper], [1A 1B 3C])
    CardPlayed([Copper], [1A 1B 4C])
    CardPlayed([Copper], [1A 1B 5C])
  cleanup: 
    DrawCards(5)
turn: player_name="P1 [GFD]", turn_counter=42
  action phase: 
  buy phase: 
    CardPlayed([Silver], [1A 1B 2C])
    CardPlayed([Silver], [1A 1B 4C])
    CardBoughtGained([Silver])
  cleanup: 
    DrawCards(4)
    Shuffle
    DrawCards(1)
turn: player_name="P2 [ABC]", turn_counter=42
  action phase: 
  buy phase: 
    CardPlayed([Copper], [1A 1B 1C])
    CardPlayed([Copper], [1A 1B 2C])
    CardPlayed([Copper], [1A 1B 3C])
    CardPlayed([Copper], [1A 1B 4C])
    CardPlayed([Copper], [1A 1B 5C])
  cleanup: 
    DrawCards(4)
    Shuffle
    DrawCards(1)
turn: player_name="P1 [GFD]", turn_counter=43
  action phase: 
  buy phase: 
    CardPlayed([Silver], [1A 1B 2C])
    CardPlayed([Copper], [1A 1B 3C])
    CardPlayed([Copper], [1A 1B 4C])
    CardBoughtGained([Silver])
  cleanup: 
    DrawCards(5)
turn: player_name="P2 [ABC]", turn_counter=43
  action phase: 
  buy phase: 
    CardPlayed([Copper], [1A 1B 1C])
    CardPlayed([Copper], [1A 1B 2C])
    CardPlayed([Copper], [1A 1B 3C])
    CardPlayed([Copper], [1A 1B 4C])
  cleanup: 
    DrawCards(5)
turn: player_name="P1 [GFD]", turn_counter=44
  action phase: 
  buy phase: 
    CardPlayed([Silver], [1A 1B 2C])
    CardPlayed([Copper], [1A 1B 3C])
    CardPlayed([Silver], [1A 1B 5C])
    CardBoughtGained([Silver])
  cleanup: 
    DrawCards(5)
turn: player_name="P2 [ABC]", turn_counter=44
  action phase: 
  buy phase: 
    CardPlayed([Copper], [1A 1B 1C])
    CardPlayed([Copper], [1A 1B 2C])
    CardPlayed([Copper], [1A 1B 3C])
    CardPlayed([Copper], [1A 1B 4C])
    CardPlayed([Copper], [1A 1B 5C])
  cleanup: 
    DrawCards(5)
turn: player_name="P1 [GFD]", turn_counter=45
  action phase: 
  buy phase: 
    CardPlayed([Silver], [1A 1B 2C])
    CardPlayed([Silver], [1A 1B 4C])
    CardPlayed([Copper], [1A 1B 5C])
    CardBoughtGained([Silver])
  cleanup: 
    DrawCards(5)
turn: player_name="P2 [ABC]", turn_counter=45
  action phase: 
  buy phase: 
    CardPlayed([Copper], [1A 1B 1C])
    CardPlayed([Copper], [1A 1B 2C])
    CardPlayed([Copper], [1A 1B 3C])
    CardPlayed([Copper], [1A 1B 4C])
    CardPlayed([Copper], [1A 1B 5C])
  cleanup: 
    DrawCards(5)
turn: player_name="P1 [GFD]", turn_counter=46
  action phase: 
  buy phase: 
    CardPlayed([Silver], [1A 1B 2C])
    CardPlayed([Silver], [1A 1B 4C])
    CardPlayed([Silver], [1A 1B 6C])
    CardPlayed([Silver], [1A 1B 8C])
    CardBoughtGained([Province])
  cleanup: 
    DrawCards(5)
turn: player_name="P2 [ABC]", turn_counter=46
  action phase: 
  buy phase: 
    CardPlayed([Copper], [1A 1B 1C])
    CardPlayed([Copper], [1A 1B 2C])
    CardPlayed([Copper], [1A 1B 3C])
    CardPlayed([Copper], [1A 1B 4C])
    CardPlayed([Copper], [1A 1B 5C])
  cleanup: 
    DrawCards(5)
turn: player_name="P1 [GFD]", turn_counter=47
  action phase: 
  buy phase: 
    CardPlayed([Silver], [1A 1B 2C])
    CardPlayed([Silver], [1A 1B 4C])
    CardPlayed([Copper], [1A 1B 5C])
    CardBoughtGained([Silver])
  cleanup: 
    DrawCards(5)
turn: player_name="P2 [ABC]", turn_counter=47
  action phase: 
  buy phase: 
    CardPlayed([Copper], [1A 1B 1C])
    CardPlayed([Copper], [1A 1B 2C])
    CardPlayed([Copper], [1A 1B 3C])
    CardPlayed([Copper], [1A 1B 4C])
    CardPlayed([Copper], [1A 1B 5C])
  cleanup: 
    DrawCards(5)
turn: player_name="P1 [GFD]", turn_counter=48
  action phase: 
  buy phase: 
    CardPlayed([Copper], [1A 1B 1C])
    CardPlayed([Silver], [1A 1B 3C])
    CardPlayed([Silver], [1A 1B 5C])
    CardBoughtGained([Silver])
  cleanup: 
    DrawCards(5)
turn: player_name="P2 [ABC]", turn_counter=48
  action phase: 
  buy phase: 
    CardPlayed([Copper], [1A 1B 1C])
    CardPlayed([Copper], [1A 1B 2C])
    CardPlayed([Copper], [1A 1B 3C])
    CardPlayed([Copper], [1A 1B 4C])
  cleanup: 
    DrawCards(5)
turn: player_name="P1 [GFD]", turn_counter=49
  action phase: 
  buy phase: 
    CardPlayed([Copper], [1A 1B 1C])
    CardPlayed([Copper], [1A 1B 2C])
    CardPlayed([Silver], [1A 1B 4C])
    CardPlayed([Silver], [1A 1B 6C])
    CardBoughtGained([Silver])
  cleanup: 
    DrawCards(5)
turn: player_name="P2 [ABC]", turn_counter=49
  action phase: 
  buy phase: 
    CardPlayed([Copper], [1A 1B 1C])
    CardPlayed([Copper], [1A 1B 2C])
    CardPlayed([Copper], [1A 1B 3C])
    CardPlayed([Copper], [1A 1B 4C])
  cleanup: 
    DrawCards(5)
turn: player_name="P1 [GFD]", turn_counter=50
  action phase: 
  buy phase: 
    CardPlayed([Copper], [1A 1B 1C])
    CardPlayed([Silver], [1A 1B 3C])
    CardPlayed([Silver], [1A 1B 5C])
    CardBoughtGained([Silver])
  cleanup: 
    DrawCards(5)
turn: player_name="P2 [ABC]", turn_counter=50
  action phase: 
  buy phase: 
    CardPlayed([Copper], [1A 1B 1C])
    CardPlayed([Copper], [1A 1B 2C])
    CardPlayed([Copper], [1A 1B 3C])
    CardPlayed([Copper], [1A 1B 4C])
    CardPlayed([Copper], [1A 1B 5C])
  cleanup: 
    DrawCards(5)
turn: player_name="P1 [GFD]", turn_counter=51
  action phase: 
  buy phase: 
    CardPlayed([Silver], [1A 1B 2C])
    CardPlayed([Copper], [1A 1B 3C])
    CardPlayed([Silver], [1A 1B 5C])
    CardBoughtGained([Silver])
  cleanup: 
    DrawCards(5)
turn: player_name="P2 [ABC]", turn_counter=51
  action phase: 
  buy phase: 
    CardPlayed([Copper], [1A 1B 1C])
    CardPlayed([Copper], [1A 1B 2C])
    CardPlayed([Copper], [1A 1B 3C])
    CardPlayed([Copper], [1A 1B 4C])
    CardPlayed([Copper], [1A 1B 5C])
  cleanup: 
    DrawCards(5)
turn: player_name="P1 [GFD]", turn_counter=52
  action phase: 
  buy phase: 
    CardPlayed([Copper], [1A 1B 1C])
    CardPlayed([Copper], [1A 1B 2C])
    CardPlayed([Copper], [1A 1B 3C])
    CardPlayed([Silver], [1A 1B 5C])
    CardBoughtGained([Silver])
  cleanup: 
    DrawCards(2)
    Shuffle
    DrawCards(3)
turn: player_name="P2 [ABC]", turn_counter=52
  action phase: 
  buy phase: 
    CardPlayed([Copper], [1A 1B 1C])
    CardPlayed([Copper], [1A 1B 2C])
    CardPlayed([Copper], [1A 1B 3C])
    CardPlayed([Copper], [1A 1B 4C])
    CardPlayed([Copper], [1A 1B 5C])
  cleanup: 
    DrawCards(0)
    Shuffle
    DrawCards(5)
turn: player_name="P1 [GFD]", turn_counter=53
  action phase: 
  buy phase: 
    CardPlayed([Silver], [1A 1B 2C])
    CardPlayed([Silver], [1A 1B 4C])
    CardPlayed([Silver], [1A 1B 6C])
    CardBoughtGained([Silver])
  cleanup: 
    DrawCards(5)
turn: player_name="P2 [ABC]", turn_counter=53
  action phase: 
  buy phase: 
    CardPlayed([Copper], [1A 1B 1C])
    CardPlayed([Copper], [1A 1B 2C])
    CardPlayed([Copper], [1A 1B 3C])
    CardPlayed([Copper], [1A 1B 4C])
    CardPlayed([Copper], [1A 1B 5C])
  cleanup: 
    DrawCards(5)
turn: player_name="P1 [GFD]", turn_counter=54
  action phase: 
  buy phase: 
    CardPlayed([Silver], [1A 1B 2C])
    CardPlayed([Copper], [1A 1B 3C])
    CardPlayed([Copper], [1A 1B 4C])
    CardBoughtGained([Silver])
  cleanup: 
    DrawCards(5)
turn: player_name="P2 [ABC]", turn_counter=54
  action phase: 
  buy phase: 
    CardPlayed([Copper], [1A 1B 1C])
    CardPlayed([Copper], [1A 1B 2C])
    CardPlayed([Copper], [1A 1B 3C])
  cleanup: 
    DrawCards(5)
turn: player_name="P1 [GFD]", turn_counter=55
  action phase: 
  buy phase: 
    CardPlayed([Copper], [1A 1B 1C])
    CardPlayed([Copper], [1A 1B 2C])
  cleanup: 
    DrawCards(5)
turn: player_name="P2 [ABC]", turn_counter=55
  action phase: 
  buy phase: 
    CardPlayed([Copper], [1A 1B 1C])
    CardPlayed([Copper], [1A 1B 2C])
    CardPlayed([Copper], [1A 1B 3C])
    CardPlayed([Copper], [1A 1B 4C])
    CardPlayed([Copper], [1A 1B 5C])
  cleanup: 
    DrawCards(5)
turn: player_name="P1 [GFD]", turn_counter=56
  action phase: 
  buy phase: 
    CardPlayed([Silver], [1A 1B 2C])
    CardPlayed([Silver], [1A 1B 4C])
    CardPlayed([Silver], [1A 1B 6C])
    CardPlayed([Silver], [1A 1B 8C])
    CardBoughtGained([Province])
  cleanup: 
    DrawCards(5)
turn: player_name="P2 [ABC]", turn_counter=56
  action phase: 
  buy phase: 
    CardPlayed([Copper], [1A 1B 1C])
    CardPlayed([Copper], [1A 1B 2C])
    CardPlayed([Copper], [1A 1B 3C])
    CardPlayed([Copper], [1A 1B 4C])
    CardPlayed([Copper], [1A 1B 5C])
  cleanup: 
    DrawCards(5)
turn: player_name="P1 [GFD]", turn_counter=57
  action phase: 
  buy phase: 
    CardPlayed([Silver], [1A 1B 2C])
    CardPlayed([Copper], [1A 1B 3C])
    CardPlayed([Copper], [1A 1B 4C])
    CardBoughtGained([Silver])
  cleanup: 
    DrawCards(5)
turn: player_name="P2 [ABC]", turn_counter=57
  action phase: 
  buy phase: 
    CardPlayed([Copper], [1A 1B 1C])
    CardPlayed([Copper], [1A 1B 2C])
    CardPlayed([Copper], [1A 1B 3C])
    CardPlayed([Copper], [1A 1B 4C])
    CardPlayed([Copper], [1A 1B 5C])
  cleanup: 
    DrawCards(5)
turn: player_name="P1 [GFD]", turn_counter=58
  action phase: 
  buy phase: 
    CardPlayed([Silver], [1A 1B 2C])
    CardPlayed([Copper], [1A 1B 3C])
    CardPlayed([Silver], [1A 1B 5C])
    CardPlayed([Silver], [1A 1B 7C])
    CardBoughtGained([Silver])
  cleanup: 
    DrawCards(5)
turn: player_name="P2 [ABC]", turn_counter=58
  action phase: 
  buy phase: 
    CardPlayed([Copper], [1A 1B 1C])
    CardPlayed([Copper], [1A 1B 2C])
    CardPlayed([Copper], [1A 1B 3C])
    CardPlayed([Copper], [1A 1B 4C])
  cleanup: 
    DrawCards(5)
turn: player_name="P1 [GFD]", turn_counter=59
  action phase: 
  buy phase: 
    CardPlayed([Copper], [1A 1B 1C])
    CardPlayed([Silver], [1A 1B 3C])
    CardBoughtGained([Silver])
  cleanup: 
    DrawCards(5)
turn: player_name="P2 [ABC]", turn_counter=59
  action phase: 
  buy phase: 
    CardPlayed([Copper], [1A 1B 1C])
    CardPlayed([Copper], [1A 1B 2C])
    CardPlayed([Copper], [1A 1B 3C])
    CardPlayed([Copper], [1A 1B 4C])
    CardPlayed([Copper], [1A 1B 5C])
  cleanup: 
    DrawCards(5)
turn: player_name="P1 [GFD]", turn_counter=60
  action phase: 
  buy phase: 
    CardPlayed([Silver], [1A 1B 2C])
    CardPlayed([Silver], [1A 1B 4C])
    CardPlayed([Silver], [1A 1B 6C])
    CardPlayed([Silver], [1A 1B 8C])
    CardBoughtGained([Province])
  cleanup: 
    DrawCards(5)
turn: player_name="P2 [ABC]", turn_counter=60
  action phase: 
  buy phase: 
    CardPlayed([Copper], [1A 1B 1C])
    CardPlayed([Copper], [1A 1B 2C])
    CardPlayed([Copper], [1A 1B 3C])
    CardPlayed([Copper], [1A 1B 4C])
    CardPlayed([Copper], [1A 1B 5C])
  cleanup: 
    DrawCards(5)
turn: player_name="P1 [GFD]", turn_counter=61
  action phase: 
  buy phase: 
    CardPlayed([Silver], [1A 1B 2C])
    CardPlayed([Copper], [1A 1B 3C])
    CardPlayed([Silver], [1A 1B 5C])
    CardPlayed([Copper], [1A 1B 6C])
    CardBoughtGained([Silver])
  cleanup: 
    DrawCards(5)
turn: player_name="P2 [ABC]", turn_counter=61
  action phase: 
  buy phase: 
    CardPlayed([Copper], [1A 1B 1C])
    CardPlayed([Copper], [1A 1B 2C])
    CardPlayed([Copper], [1A 1B 3C])
    CardPlayed([Copper], [1A 1B 4C])
    CardPlayed([Copper], [1A 1B 5C])
  cleanup: 
    DrawCards(5)
turn: player_name="P1 [GFD]", turn_counter=62
  action phase: 
  buy phase: 
    CardPlayed([Silver], [1A 1B 2C])
    CardPlayed([Silver], [1A 1B 4C])
    CardPlayed([Silver], [1A 1B 6C])
    CardBoughtGained([Silver])
  cleanup: 
    DrawCards(5)
turn: player_name="P2 [ABC]", turn_counter=62
  action phase: 
  buy phase: 
    CardPlayed([Copper], [1A 1B 1C])
    CardPlayed([Copper], [1A 1B 2C])
    CardPlayed([Copper], [1A 1B 3C])
    CardPlayed([Copper], [1A 1B 4C])
    CardPlayed([Copper], [1A 1B 5C])
  cleanup: 
    DrawCards(0)
    Shuffle
    DrawCards(5)
turn: player_name="P1 [GFD]", turn_counter=63
  action phase: 
  buy phase: 
    CardPlayed([Silver], [1A 1B 2C])
    CardPlayed([Silver], [1A 1B 4C])
    CardPlayed([Silver], [1A 1B 6C])
    CardPlayed([Copper], [1A 1B 7C])
    CardPlayed([Copper], [1A 1B 8C])
    CardBoughtGained([Province])
  cleanup: 
    DrawCards(5)
turn: player_name="P2 [ABC]", turn_counter=63
  action phase: 
  buy phase: 
    CardPlayed([Copper], [1A 1B 1C])
    CardPlayed([Copper], [1A 1B 2C])
    CardPlayed([Copper], [1A 1B 3C])
    CardPlayed([Copper], [1A 1B 4C])
    CardPlayed([Copper], [1A 1B 5C])
  cleanup: 
    DrawCards(5)
turn: player_name="P1 [GFD]", turn_counter=64
  action phase: 
  buy phase: 
    CardPlayed([Copper], [1A 1B 1C])
    CardPlayed([Silver], [1A 1B 3C])
    CardPlayed([Silver], [1A 1B 5C])
    CardPlayed([Silver], [1A 1B 7C])
    CardBoughtGained([Silver])
  cleanup: 
    DrawCards(2)
    Shuffle
    DrawCards(3)
turn: player_name="P2 [ABC]", turn_counter=64
  action phase: 
  buy phase: 
    CardPlayed([Copper], [1A 1B 1C])
    CardPlayed([Copper], [1A 1B 2C])
    CardPlayed([Copper], [1A 1B 3C])
    CardPlayed([Copper], [1A 1B 4C])
    CardPlayed([Copper], [1A 1B 5C])
  cleanup: 
    DrawCards(5)
turn: player_name="P1 [GFD]", turn_counter=65
  action phase: 
  buy phase: 
    CardPlayed([Silver], [1A 1B 2C])
    CardPlayed([Silver], [1A 1B 4C])
    CardPlayed([Silver], [1A 1B 6C])
    CardBoughtGained([Silver])
  cleanup: 
    DrawCards(5)
turn: player_name="P2 [ABC]", turn_counter=65
  action phase: 
  buy phase: 
    CardPlayed([Copper], [1A 1B 1C])
    CardPlayed([Copper], [1A 1B 2C])
    CardPlayed([Copper], [1A 1B 3C])
    CardPlayed([Copper], [1A 1B 4C])
    CardPlayed([Copper], [1A 1B 5C])
  cleanup: 
    DrawCards(5)
turn: player_name="P1 [GFD]", turn_counter=66
  action phase: 
  buy phase: 
    CardPlayed([Silver], [1A 1B 2C])
    CardPlayed([Silver], [1A 1B 4C])
    CardBoughtGained([Silver])
  cleanup: 
    DrawCards(5)
turn: player_name="P2 [ABC]", turn_counter=66
  action phase: 
  buy phase: 
    CardPlayed([Copper], [1A 1B 1C])
    CardPlayed([Copper], [1A 1B 2C])
    CardPlayed([Copper], [1A 1B 3C])
    CardPlayed([Copper], [1A 1B 4C])
  cleanup: 
    DrawCards(5)
turn: player_name="P1 [GFD]", turn_counter=67
  action phase: 
  buy phase: 
    CardPlayed([Silver], [1A 1B 2C])
    CardPlayed([Silver], [1A 1B 4C])
    CardPlayed([Copper], [1A 1B 5C])
    CardPlayed([Copper], [1A 1B 6C])
    CardPlayed([Silver], [1A 1B 8C])
    CardBoughtGained([Province])
  cleanup: 
    DrawCards(5)
turn: player_name="P2 [ABC]", turn_counter=67
  action phase: 
  buy phase: 
    CardPlayed([Copper], [1A 1B 1C])
    CardPlayed([Copper], [1A 1B 2C])
    CardPlayed([Copper], [1A 1B 3C])
    CardPlayed([Copper], [1A 1B 4C])
  cleanup: 
    DrawCards(5)
turn: player_name="P1 [GFD]", turn_counter=68
  action phase: 
  buy phase: 
    CardPlayed([Silver], [1A 1B 2C])
    CardPlayed([Silver], [1A 1B 4C])
    CardPlayed([Copper], [1A 1B 5C])
  cleanup: 
    DrawCards(5)
turn: player_name="P2 [ABC]", turn_counter=68
  action phase: 
  buy phase: 
    CardPlayed([Copper], [1A 1B 1C])
    CardPlayed([Copper], [1A 1B 2C])
    CardPlayed([Copper], [1A 1B 3C])
    CardPlayed([Copper], [1A 1B 4C])
    CardPlayed([Copper], [1A 1B 5C])
  cleanup: 
    DrawCards(5)
turn: player_name="P1 [GFD]", turn_counter=69
  action phase: 
  buy phase: 
    CardPlayed([Silver], [1A 1B 2C])
    CardPlayed([Copper], [1A 1B 3C])
    CardPlayed([Silver], [1A 1B 5C])
    CardPlayed([Silver], [1A 1B 7C])
  cleanup: 
    DrawCards(5)
turn: player_name="P2 [ABC]", turn_counter=69
  action phase: 
  buy phase: 
    CardPlayed([Copper], [1A 1B 1C])
    CardPlayed([Copper], [1A 1B 2C])
    CardPlayed([Copper], [1A 1B 3C])
    CardPlayed([Copper], [1A 1B 4C])
    CardPlayed([Copper], [1A 1B 5C])
  cleanup: 
    DrawCards(5)
turn: player_name="P1 [GFD]", turn_counter=70
  action phase: 
  buy phase: 
    CardPlayed([Silver], [1A 1B 2C])
    CardPlayed([Silver], [1A 1B 4C])
    CardPlayed([Silver], [1A 1B 6C])
  cleanup: 
    DrawCards(5)
turn: player_name="P2 [ABC]", turn_counter=70
  action phase: 
  buy phase: 
    CardPlayed([Copper], [1A 1B 1C])
    CardPlayed([Copper], [1A 1B 2C])
    CardPlayed([Copper], [1A 1B 3C])
    CardPlayed([Copper], [1A 1B 4C])
    CardPlayed([Copper], [1A 1B 5C])
  cleanup: 
    DrawCards(5)
turn: player_name="P1 [GFD]", turn_counter=71
  action phase: 
  buy phase: 
    CardPlayed([Silver], [1A 1B 2C])
    CardPlayed([Copper], [1A 1B 3C])
  cleanup: 
    DrawCards(5)
turn: player_name="P2 [ABC]", turn_counter=71
  action phase: 
  buy phase: 
    CardPlayed([Copper], [1A 1B 1C])
    CardPlayed([Copper], [1A 1B 2C])
    CardPlayed([Copper], [1A 1B 3C])
    CardPlayed([Copper], [1A 1B 4C])
  cleanup: 
    DrawCards(5)
turn: player_name="P1 [GFD]", turn_counter=72
  action phase: 
  buy phase: 
    CardPlayed([Silver], [1A 1B 2C])
    CardPlayed([Copper], [1A 1B 3C])
    CardPlayed([Copper], [1A 1B 4C])
    CardPlayed([Copper], [1A 1B 5C])
  cleanup: 
    DrawCards(5)
turn: player_name="P2 [ABC]", turn_counter=72
  action phase: 
  buy phase: 
    CardPlayed([Copper], [1A 1B 1C])
    CardPlayed([Copper], [1A 1B 2C])
    CardPlayed([Copper], [1A 1B 3C])
    CardPlayed([Copper], [1A 1B 4C])
    CardPlayed([Copper], [1A 1B 5C])
  cleanup: 
    DrawCards(0)
    Shuffle
    DrawCards(5)
turn: player_name="P1 [GFD]", turn_counter=73
  action phase: 
  buy phase: 
    CardPlayed([Silver], [1A 1B 2C])
    CardPlayed([Silver], [1A 1B 4C])
  cleanup: 
    DrawCards(5)
turn: player_name="P2 [ABC]", turn_counter=73
  action phase: 
  buy phase: 
    CardPlayed([Copper], [1A 1B 1C])
    CardPlayed([Copper], [1A 1B 2C])
    CardPlayed([Copper], [1A 1B 3C])
    CardPlayed([Copper], [1A 1B 4C])
  cleanup: 
    DrawCards(5)
turn: player_name="P1 [GFD]", turn_counter=74
  action phase: 
  buy phase: 
    CardPlayed([Silver], [1A 1B 2C])
    CardPlayed([Copper], [1A 1B 3C])
    CardPlayed([Silver], [1A 1B 5C])
    CardPlayed([Silver], [1A 1B 7C])
  cleanup: 
    DrawCards(5)
turn: player_name="P2 [ABC]", turn_counter=74
  action phase: 
  buy phase: 
    CardPlayed([Copper], [1A 1B 1C])
    CardPlayed([Copper], [1A 1B 2C])
    CardPlayed([Copper], [1A 1B 3C])
    CardPlayed([Copper], [1A 1B 4C])
    CardPlayed([Copper], [1A 1B 5C])
  cleanup: 
    DrawCards(5)
turn: player_name="P1 [GFD]", turn_counter=75
  action phase: 
  buy phase: 
    CardPlayed([Copper], [1A 1B 1C])
    CardPlayed([Silver], [1A 1B 3C])
    CardPlayed([Copper], [1A 1B 4C])
    CardPlayed([Copper], [1A 1B 5C])
  cleanup: 
    DrawCards(5)
turn: player_name="P2 [ABC]", turn_counter=75
  action phase: 
  buy phase: 
    CardPlayed([Copper], [1A 1B 1C])
    CardPlayed([Copper], [1A 1B 2C])
    CardPlayed([Copper], [1A 1B 3C])
    CardPlayed([Copper], [1A 1B 4C])
    CardPlayed([Copper], [1A 1B 5C])
  cleanup: 
    DrawCards(5)
turn: player_name="P1 [GFD]", turn_counter=76
  action phase: 
  buy phase: 
    CardPlayed([Silver], [1A 1B 2C])
    CardPlayed([Copper], [1A 1B 3C])
    CardPlayed([Silver], [1A 1B 5C])
    CardPlayed([Silver], [1A 1B 7C])
    CardPlayed([Silver], [1A 1B 9C])
    CardBoughtGained([Province])
  cleanup: 
    DrawCards(5)
turn: player_name="P2 [ABC]", turn_counter=76
  action phase: 
  buy phase: 
    CardPlayed([Copper], [1A 1B 1C])
    CardPlayed([Copper], [1A 1B 2C])
    CardPlayed([Copper], [1A 1B 3C])
    CardPlayed([Copper], [1A 1B 4C])
  cleanup: 
    DrawCards(5)
turn: player_name="P1 [GFD]", turn_counter=77
  action phase: 
  buy phase: 
    CardPlayed([Silver], [1A 1B 2C])
    CardPlayed([Silver], [1A 1B 4C])
    CardPlayed([Silver], [1A 1B 6C])
    CardPlayed([Silver], [1A 1B 8C])
    CardBoughtGained([Province])
  cleanup: 
    DrawCards(5)
turn: player_name="P2 [ABC]", turn_counter=77
  action phase: 
  buy phase: 
    CardPlayed([Copper], [1A 1B 1C])
    CardPlayed([Copper], [1A 1B 2C])
    CardPlayed([Copper], [1A 1B 3C])
    CardPlayed([Copper], [1A 1B 4C])
    CardPlayed([Copper], [1A 1B 5C])
  cleanup: 
    DrawCards(5)
turn: player_name="P1 [GFD]", turn_counter=78
  action phase: 
  buy phase: 
    CardPlayed([Silver], [1A 1B 2C])
    CardPlayed([Silver], [1A 1B 4C])
    CardPlayed([Silver], [1A 1B 6C])
  cleanup: 
    DrawCards(3)
    Shuffle
    DrawCards(2)
turn: player_name="P2 [ABC]", turn_counter=78
  action phase: 
  buy phase: 
    CardPlayed([Copper], [1A 1B 1C])
    CardPlayed([Copper], [1A 1B 2C])
    CardPlayed([Copper], [1A 1B 3C])
    CardPlayed([Copper], [1A 1B 4C])
  cleanup: 
    DrawCards(5)
turn: player_name="P1 [GFD]", turn_counter=79
  action phase: 
  buy phase: 
    CardPlayed([Silver], [1A 1B 2C])
    CardPlayed([Silver], [1A 1B 4C])
    CardPlayed([Silver], [1A 1B 6C])
    CardPlayed([Silver], [1A 1B 8C])
    CardPlayed([Silver], [1A 1B 10C])
    CardBoughtGained([Province])
  cleanup: 
    DrawCards(5)
turn: player_name="P2 [ABC]", turn_counter=79
  action phase: 
  buy phase: 
    CardPlayed([Copper], [1A 1B 1C])
    CardPlayed([Copper], [1A 1B 2C])
    CardPlayed([Copper], [1A 1B 3C])
    CardPlayed([Copper], [1A 1B 4C])
    CardPlayed([Copper], [1A 1B 5C])
  cleanup: 
    DrawCards(5)
turn: player_name="P1 [GFD]", turn_counter=80
  action phase: 
  buy phase: 
    CardPlayed([Silver], [1A 1B 2C])
    CardPlayed([Silver], [1A 1B 4C])
    CardPlayed([Silver], [1A 1B 6C])
  cleanup: 
    DrawCards(5)
turn: player_name="P2 [ABC]", turn_counter=80
  action phase: 
  buy phase: 
    CardPlayed([Copper], [1A 1B 1C])
    CardPlayed([Copper], [1A 1B 2C])
    CardPlayed([Copper], [1A 1B 3C])
    CardPlayed([Copper], [1A 1B 4C])
    CardPlayed([Copper], [1A 1B 5C])
  cleanup: 
    DrawCards(5)
turn: player_name="P1 [GFD]", turn_counter=81
  action phase: 
  buy phase: 
    CardPlayed([Silver], [1A 1B 2C])
    CardPlayed([Silver], [1A 1B 4C])
    CardPlayed([Silver], [1A 1B 6C])
    CardPlayed([Silver], [1A 1B 8C])
    CardPlayed([Silver], [1A 1B 10C])
    CardBoughtGained([Province])
  cleanup: 
    DrawCards(5)
