---
source: src/game.rs
expression: log.dump()
---
Todo("draws 0 cards, shuffles their deck, and draws 5 more")
Todo("draws 0 cards, shuffles their deck, and draws 5 more")
Todo("[1A 1B 1C] P1 [GFD] played a copper")
Todo("[1A 1B 2C] P1 [GFD] played a copper")
Todo("draws 5 cards")
Todo("[1A 1B 1C] P2 [ABC] played a copper")
Todo("[1A 1B 2C] P2 [ABC] played a copper")
Todo("draws 1 cards, shuffles their deck, and draws 4 more")
Todo("[1A 1B 1C] P1 [GFD] played a copper")
Todo("[1A 1B 2C] P1 [GFD] played a copper")
Todo("[1A 1B 3C] P1 [GFD] played a copper")
Todo("[1A 1B 4C] P1 [GFD] played a copper")
Todo("[1A 1B 5C] P1 [GFD] played a copper")
Todo("P1 [GFD] gained a [Duchy]")
Todo("draws 0 cards, shuffles their deck, and draws 5 more")
Todo("[1A 1B 1C] P2 [ABC] played a copper")
Todo("[1A 1B 2C] P2 [ABC] played a copper")
Todo("draws 1 cards, shuffles their deck, and draws 4 more")
Todo("[1A 1B 1C] P1 [GFD] played a copper")
Todo("[1A 1B 2C] P1 [GFD] played a copper")
Todo("[1A 1B 3C] P1 [GFD] played a copper")
Todo("[1A 1B 4C] P1 [GFD] played a copper")
Todo("[1A 1B 5C] P1 [GFD] played a copper")
Todo("P1 [GFD] gained a [Duchy]")
Todo("draws 5 cards")
Todo("[1A 1B 1C] P2 [ABC] played a copper")
Todo("[1A 1B 2C] P2 [ABC] played a copper")
Todo("draws 1 cards, shuffles their deck, and draws 4 more")
Todo("[1A 1B 1C] P1 [GFD] played a copper")
Todo("draws 1 cards, shuffles their deck, and draws 4 more")
Todo("[1A 1B 1C] P2 [ABC] played a copper")
Todo("[1A 1B 2C] P2 [ABC] played a copper")
Todo("draws 1 cards, shuffles their deck, and draws 4 more")
Todo("[1A 1B 1C] P1 [GFD] played a copper")
Todo("draws 5 cards")
Todo("[1A 1B 1C] P2 [ABC] played a copper")
Todo("[1A 1B 2C] P2 [ABC] played a copper")
Todo("draws 1 cards, shuffles their deck, and draws 4 more")
Todo("[1A 1B 1C] P1 [GFD] played a copper")
Todo("[1A 1B 2C] P1 [GFD] played a copper")
Todo("[1A 1B 3C] P1 [GFD] played a copper")
Todo("[1A 1B 4C] P1 [GFD] played a copper")
Todo("[1A 1B 5C] P1 [GFD] played a copper")
Todo("P1 [GFD] gained a [Duchy]")
Todo("draws 2 cards, shuffles their deck, and draws 3 more")
Todo("[1A 1B 1C] P2 [ABC] played a copper")
Todo("[1A 1B 2C] P2 [ABC] played a copper")
Todo("draws 1 cards, shuffles their deck, and draws 4 more")
Todo("[1A 1B 1C] P1 [GFD] played a copper")
Todo("[1A 1B 2C] P1 [GFD] played a copper")
Todo("[1A 1B 3C] P1 [GFD] played a copper")
Todo("[1A 1B 4C] P1 [GFD] played a copper")
Todo("draws 5 cards")
Todo("[1A 1B 1C] P2 [ABC] played a copper")
Todo("[1A 1B 2C] P2 [ABC] played a copper")
Todo("draws 1 cards, shuffles their deck, and draws 4 more")
Todo("[1A 1B 1C] P1 [GFD] played a copper")
Todo("[1A 1B 2C] P1 [GFD] played a copper")
Todo("draws 3 cards, shuffles their deck, and draws 2 more")
Todo("[1A 1B 1C] P2 [ABC] played a copper")
Todo("[1A 1B 2C] P2 [ABC] played a copper")
Todo("draws 1 cards, shuffles their deck, and draws 4 more")
Todo("[1A 1B 1C] P1 [GFD] played a copper")
Todo("draws 5 cards")
Todo("[1A 1B 1C] P2 [ABC] played a copper")
Todo("[1A 1B 2C] P2 [ABC] played a copper")
Todo("draws 1 cards, shuffles their deck, and draws 4 more")
Todo("[1A 1B 1C] P1 [GFD] played a copper")
Todo("[1A 1B 2C] P1 [GFD] played a copper")
Todo("[1A 1B 3C] P1 [GFD] played a copper")
Todo("draws 3 cards, shuffles their deck, and draws 2 more")
Todo("[1A 1B 1C] P2 [ABC] played a copper")
Todo("[1A 1B 2C] P2 [ABC] played a copper")
Todo("draws 1 cards, shuffles their deck, and draws 4 more")
Todo("[1A 1B 1C] P1 [GFD] played a copper")
Todo("[1A 1B 2C] P1 [GFD] played a copper")
Todo("[1A 1B 3C] P1 [GFD] played a copper")
Todo("draws 5 cards")
Todo("[1A 1B 1C] P2 [ABC] played a copper")
Todo("[1A 1B 2C] P2 [ABC] played a copper")
Todo("draws 1 cards, shuffles their deck, and draws 4 more")
Todo("[1A 1B 1C] P1 [GFD] played a copper")
Todo("[1A 1B 2C] P1 [GFD] played a copper")
Todo("[1A 1B 3C] P1 [GFD] played a copper")
Todo("draws 3 cards, shuffles their deck, and draws 2 more")
Todo("[1A 1B 1C] P2 [ABC] played a copper")
Todo("[1A 1B 2C] P2 [ABC] played a copper")
Todo("draws 1 cards, shuffles their deck, and draws 4 more")
Todo("[1A 1B 1C] P1 [GFD] played a copper")
Todo("draws 5 cards")
Todo("[1A 1B 1C] P2 [ABC] played a copper")
Todo("[1A 1B 2C] P2 [ABC] played a copper")
Todo("draws 1 cards, shuffles their deck, and draws 4 more")
Todo("[1A 1B 1C] P1 [GFD] played a copper")
Todo("[1A 1B 2C] P1 [GFD] played a copper")
Todo("[1A 1B 3C] P1 [GFD] played a copper")
Todo("draws 3 cards, shuffles their deck, and draws 2 more")
Todo("[1A 1B 1C] P2 [ABC] played a copper")
Todo("[1A 1B 2C] P2 [ABC] played a copper")
Todo("draws 1 cards, shuffles their deck, and draws 4 more")
Todo("[1A 1B 1C] P1 [GFD] played a copper")
Todo("[1A 1B 2C] P1 [GFD] played a copper")
Todo("[1A 1B 3C] P1 [GFD] played a copper")
Todo("draws 5 cards")
Todo("[1A 1B 1C] P2 [ABC] played a copper")
Todo("[1A 1B 2C] P2 [ABC] played a copper")
Todo("draws 1 cards, shuffles their deck, and draws 4 more")
Todo("[1A 1B 1C] P1 [GFD] played a copper")
Todo("[1A 1B 2C] P1 [GFD] played a copper")
Todo("[1A 1B 3C] P1 [GFD] played a copper")
Todo("draws 3 cards, shuffles their deck, and draws 2 more")
Todo("[1A 1B 1C] P2 [ABC] played a copper")
Todo("[1A 1B 2C] P2 [ABC] played a copper")
Todo("draws 1 cards, shuffles their deck, and draws 4 more")
Todo("[1A 1B 1C] P1 [GFD] played a copper")
Todo("draws 5 cards")
Todo("[1A 1B 1C] P2 [ABC] played a copper")
Todo("[1A 1B 2C] P2 [ABC] played a copper")
Todo("draws 1 cards, shuffles their deck, and draws 4 more")
Todo("[1A 1B 1C] P1 [GFD] played a copper")
Todo("[1A 1B 2C] P1 [GFD] played a copper")
Todo("[1A 1B 3C] P1 [GFD] played a copper")
Todo("draws 3 cards, shuffles their deck, and draws 2 more")
Todo("[1A 1B 1C] P2 [ABC] played a copper")
Todo("[1A 1B 2C] P2 [ABC] played a copper")
Todo("draws 1 cards, shuffles their deck, and draws 4 more")
Todo("[1A 1B 1C] P1 [GFD] played a copper")
Todo("[1A 1B 2C] P1 [GFD] played a copper")
Todo("[1A 1B 3C] P1 [GFD] played a copper")
Todo("draws 5 cards")
Todo("[1A 1B 1C] P2 [ABC] played a copper")
Todo("[1A 1B 2C] P2 [ABC] played a copper")
Todo("draws 1 cards, shuffles their deck, and draws 4 more")
Todo("[1A 1B 1C] P1 [GFD] played a copper")
Todo("[1A 1B 2C] P1 [GFD] played a copper")
Todo("[1A 1B 3C] P1 [GFD] played a copper")
Todo("draws 3 cards, shuffles their deck, and draws 2 more")
Todo("[1A 1B 1C] P2 [ABC] played a copper")
Todo("[1A 1B 2C] P2 [ABC] played a copper")
Todo("draws 1 cards, shuffles their deck, and draws 4 more")
Todo("[1A 1B 1C] P1 [GFD] played a copper")
Todo("draws 5 cards")
Todo("[1A 1B 1C] P2 [ABC] played a copper")
Todo("[1A 1B 2C] P2 [ABC] played a copper")
Todo("draws 1 cards, shuffles their deck, and draws 4 more")
Todo("[1A 1B 1C] P1 [GFD] played a copper")
Todo("[1A 1B 2C] P1 [GFD] played a copper")
Todo("[1A 1B 3C] P1 [GFD] played a copper")
Todo("draws 3 cards, shuffles their deck, and draws 2 more")
Todo("[1A 1B 1C] P2 [ABC] played a copper")
Todo("[1A 1B 2C] P2 [ABC] played a copper")
Todo("draws 1 cards, shuffles their deck, and draws 4 more")
Todo("[1A 1B 1C] P1 [GFD] played a copper")
Todo("[1A 1B 2C] P1 [GFD] played a copper")
Todo("[1A 1B 3C] P1 [GFD] played a copper")
Todo("draws 5 cards")
Todo("[1A 1B 1C] P2 [ABC] played a copper")
Todo("[1A 1B 2C] P2 [ABC] played a copper")
Todo("draws 1 cards, shuffles their deck, and draws 4 more")
Todo("[1A 1B 1C] P1 [GFD] played a copper")
Todo("[1A 1B 2C] P1 [GFD] played a copper")
Todo("[1A 1B 3C] P1 [GFD] played a copper")
Todo("draws 3 cards, shuffles their deck, and draws 2 more")
Todo("[1A 1B 1C] P2 [ABC] played a copper")
Todo("[1A 1B 2C] P2 [ABC] played a copper")
Todo("draws 1 cards, shuffles their deck, and draws 4 more")
Todo("[1A 1B 1C] P1 [GFD] played a copper")
Todo("draws 5 cards")
Todo("[1A 1B 1C] P2 [ABC] played a copper")
Todo("[1A 1B 2C] P2 [ABC] played a copper")
Todo("draws 1 cards, shuffles their deck, and draws 4 more")
Todo("[1A 1B 1C] P1 [GFD] played a copper")
Todo("[1A 1B 2C] P1 [GFD] played a copper")
Todo("[1A 1B 3C] P1 [GFD] played a copper")
Todo("draws 3 cards, shuffles their deck, and draws 2 more")
Todo("[1A 1B 1C] P2 [ABC] played a copper")
Todo("[1A 1B 2C] P2 [ABC] played a copper")
Todo("draws 1 cards, shuffles their deck, and draws 4 more")
Todo("[1A 1B 1C] P1 [GFD] played a copper")
Todo("[1A 1B 2C] P1 [GFD] played a copper")
Todo("[1A 1B 3C] P1 [GFD] played a copper")
Todo("draws 5 cards")
Todo("[1A 1B 1C] P2 [ABC] played a copper")
Todo("[1A 1B 2C] P2 [ABC] played a copper")
Todo("draws 1 cards, shuffles their deck, and draws 4 more")
Todo("[1A 1B 1C] P1 [GFD] played a copper")
Todo("[1A 1B 2C] P1 [GFD] played a copper")
Todo("[1A 1B 3C] P1 [GFD] played a copper")
Todo("draws 3 cards, shuffles their deck, and draws 2 more")
Todo("[1A 1B 1C] P2 [ABC] played a copper")
Todo("[1A 1B 2C] P2 [ABC] played a copper")
Todo("draws 1 cards, shuffles their deck, and draws 4 more")
Todo("[1A 1B 1C] P1 [GFD] played a copper")
Todo("draws 5 cards")
Todo("[1A 1B 1C] P2 [ABC] played a copper")
Todo("[1A 1B 2C] P2 [ABC] played a copper")
Todo("draws 1 cards, shuffles their deck, and draws 4 more")
Todo("[1A 1B 1C] P1 [GFD] played a copper")
Todo("[1A 1B 2C] P1 [GFD] played a copper")
Todo("[1A 1B 3C] P1 [GFD] played a copper")
Todo("draws 3 cards, shuffles their deck, and draws 2 more")
Todo("[1A 1B 1C] P2 [ABC] played a copper")
Todo("[1A 1B 2C] P2 [ABC] played a copper")
Todo("draws 1 cards, shuffles their deck, and draws 4 more")
Todo("[1A 1B 1C] P1 [GFD] played a copper")
Todo("[1A 1B 2C] P1 [GFD] played a copper")
Todo("[1A 1B 3C] P1 [GFD] played a copper")
Todo("draws 5 cards")
Todo("[1A 1B 1C] P2 [ABC] played a copper")
Todo("[1A 1B 2C] P2 [ABC] played a copper")
Todo("draws 1 cards, shuffles their deck, and draws 4 more")
Todo("[1A 1B 1C] P1 [GFD] played a copper")
Todo("[1A 1B 2C] P1 [GFD] played a copper")
Todo("[1A 1B 3C] P1 [GFD] played a copper")
Todo("draws 3 cards, shuffles their deck, and draws 2 more")
Todo("[1A 1B 1C] P2 [ABC] played a copper")
Todo("[1A 1B 2C] P2 [ABC] played a copper")
Todo("draws 1 cards, shuffles their deck, and draws 4 more")
Todo("[1A 1B 1C] P1 [GFD] played a copper")
Todo("draws 5 cards")
Todo("[1A 1B 1C] P2 [ABC] played a copper")
Todo("[1A 1B 2C] P2 [ABC] played a copper")
Todo("draws 1 cards, shuffles their deck, and draws 4 more")
Todo("[1A 1B 1C] P1 [GFD] played a copper")
Todo("[1A 1B 2C] P1 [GFD] played a copper")
Todo("[1A 1B 3C] P1 [GFD] played a copper")
Todo("draws 3 cards, shuffles their deck, and draws 2 more")
Todo("[1A 1B 1C] P2 [ABC] played a copper")
Todo("[1A 1B 2C] P2 [ABC] played a copper")
Todo("draws 1 cards, shuffles their deck, and draws 4 more")
Todo("[1A 1B 1C] P1 [GFD] played a copper")
Todo("[1A 1B 2C] P1 [GFD] played a copper")
Todo("[1A 1B 3C] P1 [GFD] played a copper")
Todo("draws 5 cards")
Todo("[1A 1B 1C] P2 [ABC] played a copper")
Todo("[1A 1B 2C] P2 [ABC] played a copper")
Todo("draws 1 cards, shuffles their deck, and draws 4 more")
Todo("[1A 1B 1C] P1 [GFD] played a copper")
Todo("[1A 1B 2C] P1 [GFD] played a copper")
Todo("[1A 1B 3C] P1 [GFD] played a copper")
Todo("draws 3 cards, shuffles their deck, and draws 2 more")
Todo("[1A 1B 1C] P2 [ABC] played a copper")
Todo("[1A 1B 2C] P2 [ABC] played a copper")
Todo("draws 1 cards, shuffles their deck, and draws 4 more")
Todo("[1A 1B 1C] P1 [GFD] played a copper")
Todo("draws 5 cards")
Todo("[1A 1B 1C] P2 [ABC] played a copper")
Todo("[1A 1B 2C] P2 [ABC] played a copper")
Todo("draws 1 cards, shuffles their deck, and draws 4 more")
Todo("[1A 1B 1C] P1 [GFD] played a copper")
Todo("[1A 1B 2C] P1 [GFD] played a copper")
Todo("[1A 1B 3C] P1 [GFD] played a copper")
Todo("draws 3 cards, shuffles their deck, and draws 2 more")
Todo("[1A 1B 1C] P2 [ABC] played a copper")
Todo("[1A 1B 2C] P2 [ABC] played a copper")
Todo("draws 1 cards, shuffles their deck, and draws 4 more")
Todo("[1A 1B 1C] P1 [GFD] played a copper")
Todo("[1A 1B 2C] P1 [GFD] played a copper")
Todo("[1A 1B 3C] P1 [GFD] played a copper")
Todo("draws 5 cards")
Todo("[1A 1B 1C] P2 [ABC] played a copper")
Todo("[1A 1B 2C] P2 [ABC] played a copper")
Todo("draws 1 cards, shuffles their deck, and draws 4 more")
Todo("[1A 1B 1C] P1 [GFD] played a copper")
Todo("[1A 1B 2C] P1 [GFD] played a copper")
Todo("[1A 1B 3C] P1 [GFD] played a copper")
Todo("draws 3 cards, shuffles their deck, and draws 2 more")
Todo("[1A 1B 1C] P2 [ABC] played a copper")
Todo("[1A 1B 2C] P2 [ABC] played a copper")
Todo("draws 1 cards, shuffles their deck, and draws 4 more")
Todo("[1A 1B 1C] P1 [GFD] played a copper")
Todo("draws 5 cards")
Todo("[1A 1B 1C] P2 [ABC] played a copper")
Todo("[1A 1B 2C] P2 [ABC] played a copper")
Todo("draws 1 cards, shuffles their deck, and draws 4 more")
Todo("[1A 1B 1C] P1 [GFD] played a copper")
Todo("[1A 1B 2C] P1 [GFD] played a copper")
Todo("[1A 1B 3C] P1 [GFD] played a copper")
Todo("draws 3 cards, shuffles their deck, and draws 2 more")
Todo("[1A 1B 1C] P2 [ABC] played a copper")
Todo("[1A 1B 2C] P2 [ABC] played a copper")
Todo("draws 1 cards, shuffles their deck, and draws 4 more")
Todo("[1A 1B 1C] P1 [GFD] played a copper")
Todo("[1A 1B 2C] P1 [GFD] played a copper")
Todo("[1A 1B 3C] P1 [GFD] played a copper")
Todo("draws 5 cards")
Todo("[1A 1B 1C] P2 [ABC] played a copper")
Todo("[1A 1B 2C] P2 [ABC] played a copper")
Todo("draws 1 cards, shuffles their deck, and draws 4 more")
Todo("[1A 1B 1C] P1 [GFD] played a copper")
Todo("[1A 1B 2C] P1 [GFD] played a copper")
Todo("[1A 1B 3C] P1 [GFD] played a copper")
Todo("draws 3 cards, shuffles their deck, and draws 2 more")
Todo("[1A 1B 1C] P2 [ABC] played a copper")
Todo("[1A 1B 2C] P2 [ABC] played a copper")
Todo("draws 1 cards, shuffles their deck, and draws 4 more")
Todo("[1A 1B 1C] P1 [GFD] played a copper")
Todo("draws 5 cards")
Todo("[1A 1B 1C] P2 [ABC] played a copper")
Todo("[1A 1B 2C] P2 [ABC] played a copper")
Todo("draws 1 cards, shuffles their deck, and draws 4 more")
Todo("[1A 1B 1C] P1 [GFD] played a copper")
Todo("[1A 1B 2C] P1 [GFD] played a copper")
Todo("[1A 1B 3C] P1 [GFD] played a copper")
Todo("draws 3 cards, shuffles their deck, and draws 2 more")
Todo("[1A 1B 1C] P2 [ABC] played a copper")
Todo("[1A 1B 2C] P2 [ABC] played a copper")
Todo("draws 1 cards, shuffles their deck, and draws 4 more")
Todo("[1A 1B 1C] P1 [GFD] played a copper")
Todo("[1A 1B 2C] P1 [GFD] played a copper")
Todo("[1A 1B 3C] P1 [GFD] played a copper")
Todo("draws 5 cards")
Todo("[1A 1B 1C] P2 [ABC] played a copper")
Todo("[1A 1B 2C] P2 [ABC] played a copper")
Todo("draws 1 cards, shuffles their deck, and draws 4 more")
Todo("[1A 1B 1C] P1 [GFD] played a copper")
Todo("[1A 1B 2C] P1 [GFD] played a copper")
Todo("[1A 1B 3C] P1 [GFD] played a copper")
Todo("draws 3 cards, shuffles their deck, and draws 2 more")
Todo("[1A 1B 1C] P2 [ABC] played a copper")
Todo("[1A 1B 2C] P2 [ABC] played a copper")
Todo("draws 1 cards, shuffles their deck, and draws 4 more")
Todo("[1A 1B 1C] P1 [GFD] played a copper")
Todo("draws 5 cards")
Todo("[1A 1B 1C] P2 [ABC] played a copper")
Todo("[1A 1B 2C] P2 [ABC] played a copper")
Todo("draws 1 cards, shuffles their deck, and draws 4 more")
Todo("[1A 1B 1C] P1 [GFD] played a copper")
Todo("[1A 1B 2C] P1 [GFD] played a copper")
Todo("[1A 1B 3C] P1 [GFD] played a copper")
Todo("draws 3 cards, shuffles their deck, and draws 2 more")
Todo("[1A 1B 1C] P2 [ABC] played a copper")
Todo("[1A 1B 2C] P2 [ABC] played a copper")
Todo("draws 1 cards, shuffles their deck, and draws 4 more")
Todo("[1A 1B 1C] P1 [GFD] played a copper")
Todo("[1A 1B 2C] P1 [GFD] played a copper")
Todo("[1A 1B 3C] P1 [GFD] played a copper")
Todo("draws 5 cards")
Todo("[1A 1B 1C] P2 [ABC] played a copper")
Todo("[1A 1B 2C] P2 [ABC] played a copper")
Todo("draws 1 cards, shuffles their deck, and draws 4 more")
Todo("[1A 1B 1C] P1 [GFD] played a copper")
Todo("[1A 1B 2C] P1 [GFD] played a copper")
Todo("[1A 1B 3C] P1 [GFD] played a copper")
Todo("draws 3 cards, shuffles their deck, and draws 2 more")
Todo("[1A 1B 1C] P2 [ABC] played a copper")
Todo("[1A 1B 2C] P2 [ABC] played a copper")
Todo("draws 1 cards, shuffles their deck, and draws 4 more")
Todo("[1A 1B 1C] P1 [GFD] played a copper")
Todo("draws 5 cards")
Todo("[1A 1B 1C] P2 [ABC] played a copper")
Todo("[1A 1B 2C] P2 [ABC] played a copper")
Todo("draws 1 cards, shuffles their deck, and draws 4 more")
Todo("[1A 1B 1C] P1 [GFD] played a copper")
Todo("[1A 1B 2C] P1 [GFD] played a copper")
Todo("[1A 1B 3C] P1 [GFD] played a copper")
Todo("draws 3 cards, shuffles their deck, and draws 2 more")
Todo("[1A 1B 1C] P2 [ABC] played a copper")
Todo("[1A 1B 2C] P2 [ABC] played a copper")
Todo("draws 1 cards, shuffles their deck, and draws 4 more")
Todo("[1A 1B 1C] P1 [GFD] played a copper")
Todo("[1A 1B 2C] P1 [GFD] played a copper")
Todo("[1A 1B 3C] P1 [GFD] played a copper")
Todo("draws 5 cards")
Todo("[1A 1B 1C] P2 [ABC] played a copper")
Todo("[1A 1B 2C] P2 [ABC] played a copper")
Todo("draws 1 cards, shuffles their deck, and draws 4 more")
Todo("[1A 1B 1C] P1 [GFD] played a copper")
Todo("[1A 1B 2C] P1 [GFD] played a copper")
Todo("[1A 1B 3C] P1 [GFD] played a copper")
Todo("draws 3 cards, shuffles their deck, and draws 2 more")
Todo("[1A 1B 1C] P2 [ABC] played a copper")
Todo("[1A 1B 2C] P2 [ABC] played a copper")
Todo("draws 1 cards, shuffles their deck, and draws 4 more")
Todo("[1A 1B 1C] P1 [GFD] played a copper")
Todo("draws 5 cards")
Todo("[1A 1B 1C] P2 [ABC] played a copper")
Todo("[1A 1B 2C] P2 [ABC] played a copper")
Todo("draws 1 cards, shuffles their deck, and draws 4 more")
Todo("[1A 1B 1C] P1 [GFD] played a copper")
Todo("[1A 1B 2C] P1 [GFD] played a copper")
Todo("[1A 1B 3C] P1 [GFD] played a copper")
Todo("draws 3 cards, shuffles their deck, and draws 2 more")
Todo("[1A 1B 1C] P2 [ABC] played a copper")
Todo("[1A 1B 2C] P2 [ABC] played a copper")
Todo("draws 1 cards, shuffles their deck, and draws 4 more")
Todo("[1A 1B 1C] P1 [GFD] played a copper")
Todo("[1A 1B 2C] P1 [GFD] played a copper")
Todo("[1A 1B 3C] P1 [GFD] played a copper")
Todo("draws 5 cards")
Todo("[1A 1B 1C] P2 [ABC] played a copper")
Todo("[1A 1B 2C] P2 [ABC] played a copper")
Todo("draws 1 cards, shuffles their deck, and draws 4 more")
Todo("[1A 1B 1C] P1 [GFD] played a copper")
Todo("[1A 1B 2C] P1 [GFD] played a copper")
Todo("[1A 1B 3C] P1 [GFD] played a copper")
Todo("draws 3 cards, shuffles their deck, and draws 2 more")
Todo("[1A 1B 1C] P2 [ABC] played a copper")
Todo("[1A 1B 2C] P2 [ABC] played a copper")
Todo("draws 1 cards, shuffles their deck, and draws 4 more")
Todo("[1A 1B 1C] P1 [GFD] played a copper")
Todo("draws 5 cards")
Todo("[1A 1B 1C] P2 [ABC] played a copper")
Todo("[1A 1B 2C] P2 [ABC] played a copper")
Todo("draws 1 cards, shuffles their deck, and draws 4 more")
Todo("[1A 1B 1C] P1 [GFD] played a copper")
Todo("[1A 1B 2C] P1 [GFD] played a copper")
Todo("[1A 1B 3C] P1 [GFD] played a copper")
Todo("draws 3 cards, shuffles their deck, and draws 2 more")
Todo("[1A 1B 1C] P2 [ABC] played a copper")
Todo("[1A 1B 2C] P2 [ABC] played a copper")
Todo("draws 1 cards, shuffles their deck, and draws 4 more")
Todo("[1A 1B 1C] P1 [GFD] played a copper")
Todo("[1A 1B 2C] P1 [GFD] played a copper")
Todo("[1A 1B 3C] P1 [GFD] played a copper")
Todo("draws 5 cards")
Todo("[1A 1B 1C] P2 [ABC] played a copper")
Todo("[1A 1B 2C] P2 [ABC] played a copper")
Todo("draws 1 cards, shuffles their deck, and draws 4 more")
Todo("[1A 1B 1C] P1 [GFD] played a copper")
Todo("[1A 1B 2C] P1 [GFD] played a copper")
Todo("[1A 1B 3C] P1 [GFD] played a copper")
Todo("draws 3 cards, shuffles their deck, and draws 2 more")
Todo("[1A 1B 1C] P2 [ABC] played a copper")
Todo("[1A 1B 2C] P2 [ABC] played a copper")
Todo("draws 1 cards, shuffles their deck, and draws 4 more")
Todo("[1A 1B 1C] P1 [GFD] played a copper")
Todo("draws 5 cards")
Todo("[1A 1B 1C] P2 [ABC] played a copper")
Todo("[1A 1B 2C] P2 [ABC] played a copper")
Todo("draws 1 cards, shuffles their deck, and draws 4 more")
Todo("[1A 1B 1C] P1 [GFD] played a copper")
Todo("[1A 1B 2C] P1 [GFD] played a copper")
Todo("[1A 1B 3C] P1 [GFD] played a copper")
Todo("draws 3 cards, shuffles their deck, and draws 2 more")
Todo("[1A 1B 1C] P2 [ABC] played a copper")
Todo("[1A 1B 2C] P2 [ABC] played a copper")
Todo("draws 1 cards, shuffles their deck, and draws 4 more")
Todo("[1A 1B 1C] P1 [GFD] played a copper")
Todo("[1A 1B 2C] P1 [GFD] played a copper")
Todo("[1A 1B 3C] P1 [GFD] played a copper")
Todo("draws 5 cards")
Todo("[1A 1B 1C] P2 [ABC] played a copper")
Todo("[1A 1B 2C] P2 [ABC] played a copper")
Todo("draws 1 cards, shuffles their deck, and draws 4 more")
Todo("[1A 1B 1C] P1 [GFD] played a copper")
Todo("[1A 1B 2C] P1 [GFD] played a copper")
Todo("[1A 1B 3C] P1 [GFD] played a copper")
Todo("draws 3 cards, shuffles their deck, and draws 2 more")
Todo("[1A 1B 1C] P2 [ABC] played a copper")
Todo("[1A 1B 2C] P2 [ABC] played a copper")
Todo("draws 1 cards, shuffles their deck, and draws 4 more")
Todo("[1A 1B 1C] P1 [GFD] played a copper")
Todo("draws 5 cards")
Todo("[1A 1B 1C] P2 [ABC] played a copper")
Todo("[1A 1B 2C] P2 [ABC] played a copper")
Todo("draws 1 cards, shuffles their deck, and draws 4 more")
Todo("[1A 1B 1C] P1 [GFD] played a copper")
Todo("[1A 1B 2C] P1 [GFD] played a copper")
Todo("[1A 1B 3C] P1 [GFD] played a copper")
Todo("draws 3 cards, shuffles their deck, and draws 2 more")
Todo("[1A 1B 1C] P2 [ABC] played a copper")
Todo("[1A 1B 2C] P2 [ABC] played a copper")
Todo("draws 1 cards, shuffles their deck, and draws 4 more")
Todo("[1A 1B 1C] P1 [GFD] played a copper")
Todo("[1A 1B 2C] P1 [GFD] played a copper")
Todo("[1A 1B 3C] P1 [GFD] played a copper")
Todo("draws 5 cards")
Todo("[1A 1B 1C] P2 [ABC] played a copper")
Todo("[1A 1B 2C] P2 [ABC] played a copper")
Todo("draws 1 cards, shuffles their deck, and draws 4 more")
Todo("[1A 1B 1C] P1 [GFD] played a copper")
Todo("[1A 1B 2C] P1 [GFD] played a copper")
Todo("[1A 1B 3C] P1 [GFD] played a copper")
Todo("draws 3 cards, shuffles their deck, and draws 2 more")
Todo("[1A 1B 1C] P2 [ABC] played a copper")
Todo("[1A 1B 2C] P2 [ABC] played a copper")
Todo("draws 1 cards, shuffles their deck, and draws 4 more")
Todo("[1A 1B 1C] P1 [GFD] played a copper")
Todo("draws 5 cards")
Todo("[1A 1B 1C] P2 [ABC] played a copper")
Todo("[1A 1B 2C] P2 [ABC] played a copper")
Todo("draws 1 cards, shuffles their deck, and draws 4 more")
Todo("[1A 1B 1C] P1 [GFD] played a copper")
Todo("[1A 1B 2C] P1 [GFD] played a copper")
Todo("[1A 1B 3C] P1 [GFD] played a copper")
Todo("draws 3 cards, shuffles their deck, and draws 2 more")
Todo("[1A 1B 1C] P2 [ABC] played a copper")
Todo("[1A 1B 2C] P2 [ABC] played a copper")
Todo("draws 1 cards, shuffles their deck, and draws 4 more")
Todo("[1A 1B 1C] P1 [GFD] played a copper")
Todo("[1A 1B 2C] P1 [GFD] played a copper")
Todo("[1A 1B 3C] P1 [GFD] played a copper")
Todo("draws 5 cards")
Todo("[1A 1B 1C] P2 [ABC] played a copper")
Todo("[1A 1B 2C] P2 [ABC] played a copper")
Todo("draws 1 cards, shuffles their deck, and draws 4 more")
Todo("[1A 1B 1C] P1 [GFD] played a copper")
Todo("[1A 1B 2C] P1 [GFD] played a copper")
Todo("[1A 1B 3C] P1 [GFD] played a copper")
Todo("draws 3 cards, shuffles their deck, and draws 2 more")
Todo("[1A 1B 1C] P2 [ABC] played a copper")
Todo("[1A 1B 2C] P2 [ABC] played a copper")
Todo("draws 1 cards, shuffles their deck, and draws 4 more")
Todo("[1A 1B 1C] P1 [GFD] played a copper")
Todo("draws 5 cards")
Todo("[1A 1B 1C] P2 [ABC] played a copper")
Todo("[1A 1B 2C] P2 [ABC] played a copper")
Todo("draws 1 cards, shuffles their deck, and draws 4 more")
Todo("[1A 1B 1C] P1 [GFD] played a copper")
Todo("[1A 1B 2C] P1 [GFD] played a copper")
Todo("[1A 1B 3C] P1 [GFD] played a copper")
Todo("draws 3 cards, shuffles their deck, and draws 2 more")
Todo("[1A 1B 1C] P2 [ABC] played a copper")
Todo("[1A 1B 2C] P2 [ABC] played a copper")
Todo("draws 1 cards, shuffles their deck, and draws 4 more")
Todo("[1A 1B 1C] P1 [GFD] played a copper")
Todo("[1A 1B 2C] P1 [GFD] played a copper")
Todo("[1A 1B 3C] P1 [GFD] played a copper")
Todo("draws 5 cards")
Todo("[1A 1B 1C] P2 [ABC] played a copper")
Todo("[1A 1B 2C] P2 [ABC] played a copper")
Todo("draws 1 cards, shuffles their deck, and draws 4 more")
Todo("[1A 1B 1C] P1 [GFD] played a copper")
Todo("[1A 1B 2C] P1 [GFD] played a copper")
Todo("[1A 1B 3C] P1 [GFD] played a copper")
Todo("draws 3 cards, shuffles their deck, and draws 2 more")
Todo("[1A 1B 1C] P2 [ABC] played a copper")
Todo("[1A 1B 2C] P2 [ABC] played a copper")
Todo("draws 1 cards, shuffles their deck, and draws 4 more")
Todo("[1A 1B 1C] P1 [GFD] played a copper")
Todo("draws 5 cards")
Todo("[1A 1B 1C] P2 [ABC] played a copper")
Todo("[1A 1B 2C] P2 [ABC] played a copper")
Todo("draws 1 cards, shuffles their deck, and draws 4 more")
Todo("[1A 1B 1C] P1 [GFD] played a copper")
Todo("[1A 1B 2C] P1 [GFD] played a copper")
Todo("[1A 1B 3C] P1 [GFD] played a copper")
Todo("draws 3 cards, shuffles their deck, and draws 2 more")
Todo("[1A 1B 1C] P2 [ABC] played a copper")
Todo("[1A 1B 2C] P2 [ABC] played a copper")
Todo("draws 1 cards, shuffles their deck, and draws 4 more")
Todo("[1A 1B 1C] P1 [GFD] played a copper")
Todo("[1A 1B 2C] P1 [GFD] played a copper")
Todo("[1A 1B 3C] P1 [GFD] played a copper")
Todo("draws 5 cards")
Todo("[1A 1B 1C] P2 [ABC] played a copper")
Todo("[1A 1B 2C] P2 [ABC] played a copper")
Todo("draws 1 cards, shuffles their deck, and draws 4 more")
Todo("[1A 1B 1C] P1 [GFD] played a copper")
Todo("[1A 1B 2C] P1 [GFD] played a copper")
Todo("[1A 1B 3C] P1 [GFD] played a copper")
Todo("draws 3 cards, shuffles their deck, and draws 2 more")
Todo("[1A 1B 1C] P2 [ABC] played a copper")
Todo("[1A 1B 2C] P2 [ABC] played a copper")
Todo("draws 1 cards, shuffles their deck, and draws 4 more")
Todo("[1A 1B 1C] P1 [GFD] played a copper")
Todo("draws 5 cards")
Todo("[1A 1B 1C] P2 [ABC] played a copper")
Todo("[1A 1B 2C] P2 [ABC] played a copper")
Todo("draws 1 cards, shuffles their deck, and draws 4 more")
Todo("[1A 1B 1C] P1 [GFD] played a copper")
Todo("[1A 1B 2C] P1 [GFD] played a copper")
Todo("[1A 1B 3C] P1 [GFD] played a copper")
Todo("draws 3 cards, shuffles their deck, and draws 2 more")
Todo("[1A 1B 1C] P2 [ABC] played a copper")
Todo("[1A 1B 2C] P2 [ABC] played a copper")
Todo("draws 1 cards, shuffles their deck, and draws 4 more")
Todo("[1A 1B 1C] P1 [GFD] played a copper")
Todo("[1A 1B 2C] P1 [GFD] played a copper")
Todo("[1A 1B 3C] P1 [GFD] played a copper")
Todo("draws 5 cards")
Todo("[1A 1B 1C] P2 [ABC] played a copper")
Todo("[1A 1B 2C] P2 [ABC] played a copper")
Todo("draws 1 cards, shuffles their deck, and draws 4 more")
Todo("[1A 1B 1C] P1 [GFD] played a copper")
Todo("[1A 1B 2C] P1 [GFD] played a copper")
Todo("[1A 1B 3C] P1 [GFD] played a copper")
Todo("draws 3 cards, shuffles their deck, and draws 2 more")
Todo("[1A 1B 1C] P2 [ABC] played a copper")
Todo("[1A 1B 2C] P2 [ABC] played a copper")
Todo("draws 1 cards, shuffles their deck, and draws 4 more")
Todo("[1A 1B 1C] P1 [GFD] played a copper")
Todo("draws 5 cards")
Todo("[1A 1B 1C] P2 [ABC] played a copper")
Todo("[1A 1B 2C] P2 [ABC] played a copper")
Todo("draws 1 cards, shuffles their deck, and draws 4 more")
Todo("[1A 1B 1C] P1 [GFD] played a copper")
Todo("[1A 1B 2C] P1 [GFD] played a copper")
Todo("[1A 1B 3C] P1 [GFD] played a copper")
Todo("draws 3 cards, shuffles their deck, and draws 2 more")
Todo("[1A 1B 1C] P2 [ABC] played a copper")
Todo("[1A 1B 2C] P2 [ABC] played a copper")
Todo("draws 1 cards, shuffles their deck, and draws 4 more")
Todo("[1A 1B 1C] P1 [GFD] played a copper")
Todo("[1A 1B 2C] P1 [GFD] played a copper")
Todo("[1A 1B 3C] P1 [GFD] played a copper")
Todo("draws 5 cards")
Todo("[1A 1B 1C] P2 [ABC] played a copper")
Todo("[1A 1B 2C] P2 [ABC] played a copper")
Todo("draws 1 cards, shuffles their deck, and draws 4 more")
Todo("[1A 1B 1C] P1 [GFD] played a copper")
Todo("[1A 1B 2C] P1 [GFD] played a copper")
Todo("[1A 1B 3C] P1 [GFD] played a copper")
Todo("draws 3 cards, shuffles their deck, and draws 2 more")
Todo("[1A 1B 1C] P2 [ABC] played a copper")
Todo("[1A 1B 2C] P2 [ABC] played a copper")
Todo("draws 1 cards, shuffles their deck, and draws 4 more")
Todo("[1A 1B 1C] P1 [GFD] played a copper")
Todo("draws 5 cards")
Todo("[1A 1B 1C] P2 [ABC] played a copper")
Todo("[1A 1B 2C] P2 [ABC] played a copper")
Todo("draws 1 cards, shuffles their deck, and draws 4 more")
Todo("[1A 1B 1C] P1 [GFD] played a copper")
Todo("[1A 1B 2C] P1 [GFD] played a copper")
Todo("[1A 1B 3C] P1 [GFD] played a copper")
Todo("draws 3 cards, shuffles their deck, and draws 2 more")
Todo("[1A 1B 1C] P2 [ABC] played a copper")
Todo("[1A 1B 2C] P2 [ABC] played a copper")
Todo("draws 1 cards, shuffles their deck, and draws 4 more")
Todo("[1A 1B 1C] P1 [GFD] played a copper")
Todo("[1A 1B 2C] P1 [GFD] played a copper")
Todo("[1A 1B 3C] P1 [GFD] played a copper")
Todo("draws 5 cards")
Todo("[1A 1B 1C] P2 [ABC] played a copper")
Todo("[1A 1B 2C] P2 [ABC] played a copper")
Todo("draws 1 cards, shuffles their deck, and draws 4 more")
Todo("[1A 1B 1C] P1 [GFD] played a copper")
Todo("[1A 1B 2C] P1 [GFD] played a copper")
Todo("[1A 1B 3C] P1 [GFD] played a copper")
Todo("draws 3 cards, shuffles their deck, and draws 2 more")
Todo("[1A 1B 1C] P2 [ABC] played a copper")
Todo("[1A 1B 2C] P2 [ABC] played a copper")
Todo("draws 1 cards, shuffles their deck, and draws 4 more")
Todo("[1A 1B 1C] P1 [GFD] played a copper")
Todo("draws 5 cards")
Todo("[1A 1B 1C] P2 [ABC] played a copper")
Todo("[1A 1B 2C] P2 [ABC] played a copper")
Todo("draws 1 cards, shuffles their deck, and draws 4 more")
Todo("[1A 1B 1C] P1 [GFD] played a copper")
Todo("[1A 1B 2C] P1 [GFD] played a copper")
Todo("[1A 1B 3C] P1 [GFD] played a copper")
Todo("draws 3 cards, shuffles their deck, and draws 2 more")
Todo("[1A 1B 1C] P2 [ABC] played a copper")
Todo("[1A 1B 2C] P2 [ABC] played a copper")
Todo("draws 1 cards, shuffles their deck, and draws 4 more")
Todo("[1A 1B 1C] P1 [GFD] played a copper")
Todo("[1A 1B 2C] P1 [GFD] played a copper")
Todo("[1A 1B 3C] P1 [GFD] played a copper")
Todo("draws 5 cards")
Todo("[1A 1B 1C] P2 [ABC] played a copper")
Todo("[1A 1B 2C] P2 [ABC] played a copper")
Todo("draws 1 cards, shuffles their deck, and draws 4 more")
