---
source: src/game.rs
expression: testlog.dump()
---
DrawCards(0)
Shuffle
DrawCards(5)
turn: player_name="Player 1", turn_counter=1
  buy phase: 
    CardPlayed([Copper], [1A 1B 1C])
    CardPlayed([Copper], [1A 1B 2C])
    CardBoughtGained([Copper])
  cleanup: 
    DrawCards(5)
turn: player_name="Player 1", turn_counter=2
  buy phase: 
    CardPlayed([Copper], [1A 1B 1C])
    CardPlayed([Copper], [1A 1B 2C])
    CardPlayed([Copper], [1A 1B 3C])
    CardPlayed([Copper], [1A 1B 4C])
    CardPlayed([Copper], [1A 1B 5C])
    CardBoughtGained([Duchy])
  cleanup: 
    DrawCards(0)
    Shuffle
    DrawCards(5)
turn: player_name="Player 1", turn_counter=3
  buy phase: 
    CardPlayed([Copper], [1A 1B 1C])
    CardPlayed([Copper], [1A 1B 2C])
    CardPlayed([Copper], [1A 1B 3C])
    CardPlayed([Copper], [1A 1B 4C])
    CardPlayed([Copper], [1A 1B 5C])
    CardBoughtGained([Duchy])
  cleanup: 
    DrawCards(5)
turn: player_name="Player 1", turn_counter=4
  buy phase: 
    CardPlayed([Copper], [1A 1B 1C])
    CardBoughtGained([Copper])
  cleanup: 
    DrawCards(2)
    Shuffle
    DrawCards(3)
turn: player_name="Player 1", turn_counter=5
  buy phase: 
    CardPlayed([Copper], [1A 1B 1C])
    CardPlayed([Copper], [1A 1B 2C])
    CardBoughtGained([Copper])
  cleanup: 
    DrawCards(5)
