---
source: src/game.rs
expression: "(game.players, game.supply)"
---
(
    [
        (
            "Player 1",
            PlayArea {
                deck: Deck {
                    cards: [
                        [Copper],
                        [Copper],
                        [Copper],
                    ],
                },
                hand: [
                    [Copper],
                    [Copper],
                    [Copper],
                    [Copper],
                    [Copper],
                ],
                discard: [],
            },
            AlwaysBuyCopper,
        ),
    ],
    Supply {
        supply_piles: [
            [
                [Copper],
                [Copper],
            ],
        ],
    },
)
