---
source: src/game.rs
expression: "(game.players, game.supply)"
---
(
    [
        (
            "Player 1",
            PlayArea {
                deck: Deck {
                    cards: [
                        CopperToken,
                        CopperToken,
                        CopperToken,
                    ],
                },
                hand: [
                    CopperToken,
                    CopperToken,
                    CopperToken,
                    CopperToken,
                    CopperToken,
                ],
                discard: [],
            },
            AlwaysBuyCopper,
        ),
    ],
    Supply {
        supply_piles: [
            [
                CopperToken,
                CopperToken,
            ],
        ],
    },
)
