---
source: src/game.rs
expression: "(game.players, game.supply)"
---
(
    [
        (
            "Player 1",
            PlayArea {
                deck: Deck {
                    cards: [],
                },
                hand: [
                    [Copper],
                    [Copper],
                    [Copper],
                    [Copper],
                    [Copper],
                ],
                discard: [
                    [Copper],
                    [Copper],
                    [Copper],
                    [Estate],
                    [Estate],
                    [Estate],
                ],
            },
            AlwaysBuyCopper,
        ),
    ],
    Supply {
        supply_piles: [
            [
                [Copper],
                [Copper],
            ],
            [
                [Duchy],
                [Duchy],
                [Duchy],
                [Duchy],
                [Duchy],
                [Duchy],
                [Duchy],
                [Duchy],
                [Duchy],
                [Duchy],
            ],
            [
                [Estate],
                [Estate],
                [Estate],
                [Estate],
                [Estate],
                [Estate],
                [Estate],
            ],
        ],
    },
)
